$ command -v hb [rc=1]


$ grep -n -E 'USE_HORIZONTAL|LCD_ENABLE_SPI|SPI_MODE_0|LCD_PIN_DC' /home/lzdz/rk2206/lab02-lab01-lcd-20260831/vendor/lockzhiner/rk2206/samples/lab01_lcd/include/lcd.h /home/lzdz/rk2206/lab02-lab01-lcd-20260831/vendor/lockzhiner/rk2206/samples/lab01_lcd/src/lcd.c [rc=0]
/home/lzdz/rk2206/lab02-lab01-lcd-20260831/vendor/lockzhiner/rk2206/samples/lab01_lcd/include/lcd.h:21:#define USE_HORIZONTAL      3
/home/lzdz/rk2206/lab02-lab01-lcd-20260831/vendor/lockzhiner/rk2206/samples/lab01_lcd/include/lcd.h:24:#if ((USE_HORIZONTAL==0) || (USE_HORIZONTAL==1))
/home/lzdz/rk2206/lab02-lab01-lcd-20260831/vendor/lockzhiner/rk2206/samples/lab01_lcd/src/lcd.c:25:#define LCD_ENABLE_SPI      1
/home/lzdz/rk2206/lab02-lab01-lcd-20260831/vendor/lockzhiner/rk2206/samples/lab01_lcd/src/lcd.c:32:#define LCD_PIN_DC          GPIO0_PA4
/home/lzdz/rk2206/lab02-lab01-lcd-20260831/vendor/lockzhiner/rk2206/samples/lab01_lcd/src/lcd.c:48:#define LCD_DC_Clr()        LzGpioSetVal(LCD_PIN_DC, LZGPIO_LEVEL_LOW)
/home/lzdz/rk2206/lab02-lab01-lcd-20260831/vendor/lockzhiner/rk2206/samples/lab01_lcd/src/lcd.c:49:#define LCD_DC_Set()        LzGpioSetVal(LCD_PIN_DC, LZGPIO_LEVEL_HIGH)
/home/lzdz/rk2206/lab02-lab01-lcd-20260831/vendor/lockzhiner/rk2206/samples/lab01_lcd/src/lcd.c:51:#if LCD_ENABLE_SPI
/home/lzdz/rk2206/lab02-lab01-lcd-20260831/vendor/lockzhiner/rk2206/samples/lab01_lcd/src/lcd.c:62:static LzSpiConfig m_spiConf = {.bitsPerWord = SPI_PERWORD_8BITS, .firstBit = SPI_MSB, .mode = SPI_MODE_0,
/home/lzdz/rk2206/lab02-lab01-lcd-20260831/vendor/lockzhiner/rk2206/samples/lab01_lcd/src/lcd.c:70:#if LCD_ENABLE_SPI
/home/lzdz/rk2206/lab02-lab01-lcd-20260831/vendor/lockzhiner/rk2206/samples/lab01_lcd/src/lcd.c:456:#if LCD_ENABLE_SPI
/home/lzdz/rk2206/lab02-lab01-lcd-20260831/vendor/lockzhiner/rk2206/samples/lab01_lcd/src/lcd.c:487:    LzGpioInit(LCD_PIN_DC);
/home/lzdz/rk2206/lab02-lab01-lcd-20260831/vendor/lockzhiner/rk2206/samples/lab01_lcd/src/lcd.c:488:    LzGpioSetDir(LCD_PIN_DC, LZGPIO_DIR_OUT);
/home/lzdz/rk2206/lab02-lab01-lcd-20260831/vendor/lockzhiner/rk2206/samples/lab01_lcd/src/lcd.c:489:    LzGpioSetVal(LCD_PIN_DC, LZGPIO_LEVEL_LOW);
/home/lzdz/rk2206/lab02-lab01-lcd-20260831/vendor/lockzhiner/rk2206/samples/lab01_lcd/src/lcd.c:504:    if (USE_HORIZONTAL == 0)
/home/lzdz/rk2206/lab02-lab01-lcd-20260831/vendor/lockzhiner/rk2206/samples/lab01_lcd/src/lcd.c:508:    else if (USE_HORIZONTAL == 1)
/home/lzdz/rk2206/lab02-lab01-lcd-20260831/vendor/lockzhiner/rk2206/samples/lab01_lcd/src/lcd.c:512:    else if (USE_HORIZONTAL == 2)
/home/lzdz/rk2206/lab02-lab01-lcd-20260831/vendor/lockzhiner/rk2206/samples/lab01_lcd/src/lcd.c:599:#if LCD_ENABLE_SPI
/home/lzdz/rk2206/lab02-lab01-lcd-20260831/vendor/lockzhiner/rk2206/samples/lab01_lcd/src/lcd.c:607:    LzGpioDeinit(LCD_PIN_DC);
/home/lzdz/rk2206/lab02-lab01-lcd-20260831/vendor/lockzhiner/rk2206/samples/lab01_lcd/src/lcd.c:627:#if LCD_ENABLE_SPI
/home/lzdz/rk2206/lab02-lab01-lcd-20260831/vendor/lockzhiner/rk2206/samples/lab01_lcd/src/lcd.c:636:#if LCD_ENABLE_SPI


$ cd /home/lzdz/rk2206/lab02-lab01-lcd-20260831 && export PATH=/home/lzdz/.local/bin:/usr/local/sbin:/usr/local/bin:/usr/sbin:/usr/bin:/sbin:/bin && hb build [rc=0]
[OHOS INFO] [1/1] Regenerating ninja files
[OHOS INFO] [1/41] STAMP obj/device/rockchip/hardware/hardware.stamp
[OHOS INFO] [2/41] ACTION //test/xts/acts/distributed_schedule_lite/system_ability_manager_hal:ActsSamgrTest(//build/lite/toolchain:arm-none-eabi-gcc)
[OHOS INFO] [3/40] ACTION //test/xts/acts/iot_hardware_lite/iot_controller_hal:ActsWifiIotTest(//build/lite/toolchain:arm-none-eabi-gcc)
[OHOS INFO] [4/39] ACTION //test/xts/acts/communication_lite/lwip_hal:ActsLwipTest(//build/lite/toolchain:arm-none-eabi-gcc)
[OHOS INFO] [5/38] ACTION //test/xts/acts/communication_lite/wifiservice_hal:ActsWifiServiceTest(//build/lite/toolchain:arm-none-eabi-gcc)
[OHOS INFO] [6/37] ACTION //device/rockchip/rk2206/third_party/lwip:rk2206_lwip(//build/lite/toolchain:arm-none-eabi-gcc)
[OHOS INFO] [7/36] ACTION //test/xts/acts/hiviewdfx_lite/hievent_hal:ActsHieventLiteTest(//build/lite/toolchain:arm-none-eabi-gcc)
[OHOS INFO] [8/35] ACTION //test/xts/acts/hiviewdfx_lite/hilog_hal:ActsDfxFuncTest(//build/lite/toolchain:arm-none-eabi-gcc)
[OHOS INFO] [9/34] ACTION //test/xts/acts/startup_lite/bootstrap_hal:ActsBootstrapTest(//build/lite/toolchain:arm-none-eabi-gcc)
[OHOS INFO] [10/33] ACTION //test/xts/acts/security_lite/huks/liteos_m_adapter:ActsHuksHalFunctionTest(//build/lite/toolchain:arm-none-eabi-gcc)
[OHOS INFO] [11/31] ACTION //test/xts/acts/startup_lite/syspara_hal:ActsParameterTest(//build/lite/toolchain:arm-none-eabi-gcc)
[OHOS INFO] [12/30] ACTION //test/xts/acts/utils_lite/file_hal:ActsUtilsFileTest(//build/lite/toolchain:arm-none-eabi-gcc)
[OHOS INFO] [13/29] ACTION //test/xts/acts/update_lite/dupdate_hal:ActsUpdaterFuncTest(//build/lite/toolchain:arm-none-eabi-gcc)
[OHOS INFO] [14/28] ACTION //test/xts/acts/utils_lite/kv_store_hal:ActsKvStoreTest(//build/lite/toolchain:arm-none-eabi-gcc)
[OHOS INFO] [15/22] ACTION //vendor/lockzhiner/rk2206/hdf_drivers:khdf_platform_gn(//build/lite/toolchain:arm-none-eabi-gcc)
[OHOS INFO] [16/20] STAMP obj/device/rockchip/rk2206/sdk_liteos/sdk.stamp
[OHOS INFO] [17/20] STAMP obj/device/rockchip/rk2206/sdk_liteos/wifiiot_sdk.stamp
[OHOS INFO] [18/20] STAMP obj/build/lite/ohos.stamp
[OHOS INFO] [19/20] ACTION //device/rockchip/rk2206/sdk_liteos:liteos(//build/lite/toolchain:arm-none-eabi-gcc)
[OHOS INFO] /home/lzdz/rk2206/lab02-lab01-lcd-20260831/vendor/lockzhiner/rk2206/fs.yml not found, stop packing fs. If the product does not need to be packaged, ignore it.
[OHOS INFO] lockzhiner-rk2206 build success
[OHOS INFO] cost time: 0:00:06
