[OHOS INFO] ohos_build_compiler: gcc
[OHOS INFO] ["//out/rk2206/lockzhiner-rk2206/gen/vendor/lockzhiner/rk2206/hdf_config/hdf_hex.c"]
[OHOS INFO] hks_config_lite.h
[OHOS INFO] Done. Made 150 targets from 124 files in 3280ms
[OHOS INFO] [1/852] gcc cross compiler obj/base/hiviewdfx/blackbox/libblackbox.blackbox_detector.o
[OHOS INFO] [2/852] gcc cross compiler obj/base/hiviewdfx/blackbox/libblackbox.blackbox_adapter.o
[OHOS INFO] [3/852] gcc cross compiler obj/base/hiviewdfx/hidumper_lite/mini/libhidumper_mini.hidumper_adapter.o
[OHOS INFO] [4/852] gcc cross compiler obj/base/hiviewdfx/hiview_lite/libhiview_lite.hiview_cache.o
[OHOS INFO] [5/852] gcc cross compiler obj/base/hiviewdfx/blackbox/libblackbox.blackbox_core.o
[OHOS INFO] [6/852] gcc cross compiler obj/base/hiviewdfx/hilog_lite/frameworks/mini/libhilog_lite.hiview_log_limit.o
[OHOS INFO] [7/852] gcc cross compiler obj/base/hiviewdfx/hidumper_lite/mini/libhidumper_mini.hidumper_core.o
[OHOS INFO] [8/852] gcc cross compiler obj/base/hiviewdfx/hievent_lite/frameworks/libhievent_lite.hiview_event.o
[OHOS INFO] [9/852] gcc cross compiler obj/base/hiviewdfx/hiview_lite/libhiview_lite.hiview_service.o
[OHOS INFO] [10/852] gcc cross compiler obj/base/hiviewdfx/hiview_lite/libhiview_lite.hiview_util.o
[OHOS INFO] [11/852] gcc cross compiler obj/base/hiviewdfx/hilog_lite/frameworks/mini/libhilog_lite.hiview_log.o
[OHOS INFO] [12/852] gcc cross compiler obj/base/hiviewdfx/hievent_lite/frameworks/libhievent_lite.hiview_output_event.o
[OHOS INFO] [13/852] STAMP obj/build/lite/ndk.stamp
[OHOS INFO] [14/852] gcc cross compiler obj/base/hiviewdfx/hiview_lite/libhiview_lite.hiview_config.o
[OHOS INFO] [15/852] gcc cross compiler obj/base/security/deviceauth/frameworks/deviceauth_lite/source/auth_info/libhichainsdk.add_auth_info.o
[OHOS INFO] [16/852] gcc cross compiler obj/base/security/deviceauth/frameworks/deviceauth_lite/source/auth_info/libhichainsdk.add_auth_info_client.o
[OHOS INFO] [17/852] gcc cross compiler obj/base/security/deviceauth/frameworks/deviceauth_lite/source/auth_info/libhichainsdk.auth_info.o
[OHOS INFO] [18/852] STAMP obj/build/lite/mark_as_prebuilts.stamp
[OHOS INFO] [19/852] gcc cross compiler obj/base/update/ota_lite/frameworks/source/verify/libhota.app_rsa.o
[OHOS INFO] [20/852] gcc cross compiler obj/base/update/ota_lite/frameworks/source/verify/libhota.app_sha256.o
[OHOS INFO] [21/852] gcc cross compiler obj/base/security/deviceauth/frameworks/deviceauth_lite/source/auth_info/libhichainsdk.exchange_auth_info_client.o
[OHOS INFO] [22/852] STAMP obj/base/startup/syspara_lite/frameworks/token/token_notes.stamp
[OHOS INFO] [23/852] gcc cross compiler obj/base/hiviewdfx/hiview_lite/libhiview_lite.hiview_file.o
[OHOS INFO] [24/852] gcc cross compiler obj/base/update/ota_lite/frameworks/source/verify/libhota.hota_verify.o
[OHOS INFO] [25/852] gcc cross compiler obj/base/hiviewdfx/hilog_lite/frameworks/mini/libhilog_lite.hiview_output_log.o
[OHOS INFO] [26/852] gcc cross compiler obj/base/update/ota_lite/frameworks/source/updater/libhota.hota_updater.o
[OHOS INFO] [27/852] gcc cross compiler obj/base/security/deviceauth/frameworks/deviceauth_lite/source/auth_info/libhichainsdk.exchange_auth_info.o
[OHOS INFO] [28/852] gcc cross compiler obj/base/security/deviceauth/frameworks/deviceauth_lite/source/auth_info/libhichainsdk.remove_auth_info_client.o
[OHOS INFO] [29/852] gcc cross compiler obj/base/security/deviceauth/frameworks/deviceauth_lite/source/json/libhichainsdk.jsonutil.o
[OHOS INFO] [30/852] gcc cross compiler obj/base/security/deviceauth/frameworks/deviceauth_lite/source/json/libhichainsdk.commonutil.o
[OHOS INFO] [31/852] gcc cross compiler obj/base/security/deviceauth/frameworks/deviceauth_lite/source/key_agreement/libhichainsdk.key_agreement.o
[OHOS INFO] [32/852] gcc cross compiler obj/base/security/deviceauth/frameworks/deviceauth_lite/source/key_agreement/libhichainsdk.key_agreement_server.o
[OHOS INFO] [33/852] gcc cross compiler obj/base/security/deviceauth/frameworks/deviceauth_lite/source/libhichainsdk.hichain.o
[OHOS INFO] [34/852] gcc cross compiler obj/base/security/deviceauth/frameworks/deviceauth_lite/source/key_agreement/libhichainsdk.pake_client.o
[OHOS INFO] [35/852] gcc cross compiler obj/base/security/deviceauth/frameworks/deviceauth_lite/source/key_agreement/libhichainsdk.sec_clone_server.o
[OHOS INFO] [36/852] gcc cross compiler obj/base/security/deviceauth/frameworks/deviceauth_lite/source/key_agreement/libhichainsdk.key_agreement_client.o
[OHOS INFO] [37/852] gcc cross compiler obj/base/security/deviceauth/frameworks/deviceauth_lite/source/key_agreement/libhichainsdk.pake_server.o
[OHOS INFO] [38/852] gcc cross compiler obj/base/security/deviceauth/frameworks/deviceauth_lite/source/key_agreement/libhichainsdk.sts_client.o
[OHOS INFO] [39/852] gcc cross compiler obj/base/security/deviceauth/frameworks/deviceauth_lite/source/log/libhichainsdk.log.o
[OHOS INFO] [40/852] gcc cross compiler obj/base/security/deviceauth/frameworks/deviceauth_lite/source/huks_adapter/libhichainsdk.huks_adapter.o
[OHOS INFO] [41/852] gcc cross compiler obj/base/security/deviceauth/frameworks/deviceauth_lite/source/struct/libhichainsdk.add_auth_info_request.o
[OHOS INFO] [42/852] gcc cross compiler obj/base/security/deviceauth/frameworks/deviceauth_lite/source/struct/libhichainsdk.add_auth_info_response.o
[OHOS INFO] [43/852] gcc cross compiler obj/base/security/deviceauth/frameworks/deviceauth_lite/source/schedule/libhichainsdk.build_object.o
[OHOS INFO] [44/852] gcc cross compiler obj/base/security/deviceauth/frameworks/deviceauth_lite/source/struct/libhichainsdk.add_auth_info_data.o
[OHOS INFO] [45/852] gcc cross compiler obj/base/security/deviceauth/frameworks/deviceauth_lite/source/struct/libhichainsdk.auth_ack_request.o
[OHOS INFO] [46/852] gcc cross compiler obj/base/security/deviceauth/frameworks/deviceauth_lite/source/key_agreement/libhichainsdk.sts_server.o
[OHOS INFO] [47/852] gcc cross compiler obj/base/security/deviceauth/frameworks/deviceauth_lite/source/schedule/libhichainsdk.distribution.o
[OHOS INFO] [48/852] gcc cross compiler obj/base/security/deviceauth/frameworks/deviceauth_lite/source/struct/libhichainsdk.auth_start_response.o
[OHOS INFO] [49/852] gcc cross compiler obj/base/security/deviceauth/frameworks/deviceauth_lite/source/struct/libhichainsdk.auth_ack_response.o
[OHOS INFO] [50/852] gcc cross compiler obj/base/security/deviceauth/frameworks/deviceauth_lite/source/struct/libhichainsdk.exchange_auth_data.o
[OHOS INFO] [51/852] gcc cross compiler obj/base/security/deviceauth/frameworks/deviceauth_lite/source/struct/libhichainsdk.inform_message.o
[OHOS INFO] [52/852] gcc cross compiler obj/base/security/deviceauth/frameworks/deviceauth_lite/source/struct/libhichainsdk.auth_start_request.o
[OHOS INFO] [53/852] gcc cross compiler obj/base/security/deviceauth/frameworks/deviceauth_lite/source/struct/libhichainsdk.exchange_request.o
[OHOS INFO] [54/852] gcc cross compiler obj/base/security/deviceauth/frameworks/deviceauth_lite/source/struct/libhichainsdk.exchange_response.o
[OHOS INFO] [55/852] gcc cross compiler obj/base/security/deviceauth/frameworks/deviceauth_lite/source/struct/libhichainsdk.import_add_auth_data.o
[OHOS INFO] [56/852] gcc cross compiler obj/base/security/deviceauth/frameworks/deviceauth_lite/source/struct/libhichainsdk.pake_client_confirm.o
[OHOS INFO] [57/852] gcc cross compiler obj/base/security/deviceauth/frameworks/deviceauth_lite/source/struct/libhichainsdk.key_agreement_version.o
[OHOS INFO] [58/852] gcc cross compiler obj/base/security/deviceauth/frameworks/deviceauth_lite/source/struct/libhichainsdk.pake_request.o
[OHOS INFO] [59/852] gcc cross compiler obj/base/security/deviceauth/frameworks/deviceauth_lite/source/struct/libhichainsdk.pake_response.o
[OHOS INFO] [60/852] gcc cross compiler obj/base/security/deviceauth/frameworks/deviceauth_lite/source/struct/libhichainsdk.pake_server_confirm.o
[OHOS INFO] [61/852] gcc cross compiler obj/base/security/deviceauth/frameworks/deviceauth_lite/source/struct/libhichainsdk.rmv_auth_info_data.o
[OHOS INFO] [62/852] gcc cross compiler obj/base/security/deviceauth/frameworks/deviceauth_lite/source/struct/libhichainsdk.rmv_auth_info_request.o
[OHOS INFO] [63/852] STAMP obj/build/lite/config/component/cJSON/cjson_shared.stamp
[OHOS INFO] [64/852] gcc cross compiler obj/base/security/deviceauth/frameworks/deviceauth_lite/source/struct/libhichainsdk.parsedata.o
[OHOS INFO] [65/852] gcc cross compiler obj/base/security/deviceauth/frameworks/deviceauth_lite/source/struct/libhichainsdk.rmv_auth_info_response.o
[OHOS INFO] [66/852] STAMP obj/build/lite/config/component/cJSON/cjson_ndk.stamp
[OHOS INFO] [67/852] gcc cross compiler obj/base/security/huks/services/huks_standard/huks_service/main/core/src/libhuks_3.0_sdk.hks_upgrade_storage_data.o
[OHOS INFO] [68/852] gcc cross compiler obj/base/security/deviceauth/frameworks/deviceauth_lite/source/struct/libhichainsdk.sec_clone_data.o
[OHOS INFO] [69/852] gcc cross compiler obj/base/security/huks/services/huks_standard/huks_service/main/os_dependency/posix/libhuks_3.0_sdk.hks_file_operator_lite.o
[OHOS INFO] [70/852] gcc cross compiler obj/base/security/huks/frameworks/huks_standard/main/common/src/libhuks_3.0_sdk.hks_common_check.o
[OHOS INFO] [71/852] gcc cross compiler obj/base/security/huks/services/huks_standard/huks_service/main/core/src/libhuks_3.0_sdk.hks_client_check.o
[OHOS INFO] [72/852] gcc cross compiler obj/base/security/huks/frameworks/huks_standard/main/common/src/libhuks_3.0_sdk.hks_crypto_adapter.o
[OHOS INFO] [73/852] gcc cross compiler obj/base/security/huks/frameworks/huks_standard/main/os_dependency/sysinfo/src/libhuks_3.0_sdk.hks_get_process_info_passthrough.o
[OHOS INFO] [74/852] gcc cross compiler obj/base/security/huks/frameworks/huks_standard/main/os_dependency/sysinfo/src/libhuks_3.0_sdk.hks_get_udid.o
[OHOS INFO] [75/852] gcc cross compiler obj/base/security/huks/services/huks_standard/huks_service/main/core/src/libhuks_3.0_sdk.hks_client_service_adapter_lite.o
[OHOS INFO] [76/852] gcc cross compiler obj/base/security/huks/frameworks/huks_standard/main/os_dependency/ipc/src/libhuks_3.0_sdk.hks_client_service_passthrough.o
[OHOS INFO] [77/852] gcc cross compiler obj/base/security/huks/frameworks/huks_standard/main/common/src/libhuks_3.0_sdk.hks_param.o
[OHOS INFO] [78/852] gcc cross compiler obj/base/security/huks/frameworks/huks_standard/main/os_dependency/posix/libhuks_3.0_sdk.hks_mem.o
[OHOS INFO] [79/852] gcc cross compiler obj/base/security/huks/services/huks_standard/huks_engine/main/core/src/libhuks_3.0_sdk.hks_auth.o
[OHOS INFO] [80/852] gcc cross compiler obj/base/security/huks/services/huks_standard/huks_service/main/core/src/libhuks_3.0_sdk.hks_client_service.o
[OHOS INFO] [81/852] gcc cross compiler obj/base/security/huks/frameworks/huks_standard/main/core/src/libhuks_3.0_sdk.hks_local_engine.o
[OHOS INFO] [82/852] gcc cross compiler obj/base/security/huks/frameworks/huks_standard/main/common/src/libhuks_3.0_sdk.hks_base_check.o
[OHOS INFO] [83/852] gcc cross compiler obj/base/security/huks/frameworks/huks_standard/main/common/src/libhuks_3.0_sdk.hks_check_paramset.o
[OHOS INFO] [84/852] gcc cross compiler obj/base/security/huks/services/huks_standard/huks_engine/main/core/src/libhuks_3.0_sdk.hks_keyblob.o
[OHOS INFO] [85/852] gcc cross compiler obj/base/security/huks/services/huks_standard/huks_engine/main/core/src/libhuks_3.0_sdk.hks_rkc_rw.o
[OHOS INFO] [86/852] gcc cross compiler obj/base/security/huks/services/huks_standard/huks_engine/main/core/src/libhuks_3.0_sdk.hks_upgrade_key_info.o
[OHOS INFO] [87/852] gcc cross compiler obj/base/security/huks/services/huks_standard/huks_engine/main/core/src/libhuks_3.0_sdk.hks_core_service.o
[OHOS INFO] [88/852] gcc cross compiler obj/base/security/huks/interfaces/innerkits/huks_standard/main/src/libhuks_3.0_sdk.hks_api.o
[OHOS INFO] [89/852] gcc cross compiler obj/base/security/huks/services/huks_standard/huks_engine/main/core/src/libhuks_3.0_sdk.hks_rkc.o
[OHOS INFO] [90/852] gcc cross compiler obj/base/security/huks/services/huks_standard/huks_service/main/core/src/libhuks_3.0_sdk.hks_storage_adapter.o
[OHOS INFO] [91/852] gcc cross compiler obj/base/security/huks/interfaces/innerkits/huks_lite/libhuks_3.0_sdk.hks_tmp_client.o
[OHOS INFO] [92/852] gcc cross compiler obj/base/security/huks/frameworks/huks_standard/main/crypto_engine/mbedtls/src/libhuks_3.0_sdk.hks_crypto_ed25519.o
[OHOS INFO] [93/852] gcc cross compiler obj/base/security/huks/services/huks_standard/huks_service/main/os_dependency/idl/passthrough/libhuks_3.0_sdk.hks_passthrough_access.o
[OHOS INFO] [94/852] gcc cross compiler obj/base/security/huks/services/huks_standard/huks_engine/main/core/src/libhuks_3.0_sdk.hks_keyblob_lite.o
[OHOS INFO] [95/852] gcc cross compiler obj/base/security/huks/frameworks/huks_standard/main/crypto_engine/mbedtls/src/libhuks_3.0_sdk.hks_mbedtls_ecdsa.o
[OHOS INFO] [96/852] gcc cross compiler obj/base/security/huks/frameworks/huks_standard/main/crypto_engine/mbedtls/src/libhuks_3.0_sdk.hks_mbedtls_ecdh.o
[OHOS INFO] [97/852] gcc cross compiler obj/base/security/huks/frameworks/huks_standard/main/crypto_engine/mbedtls/src/libhuks_3.0_sdk.hks_mbedtls_ecc.o
[OHOS INFO] [98/852] gcc cross compiler obj/base/security/huks/frameworks/huks_standard/main/crypto_engine/mbedtls/src/libhuks_3.0_sdk.hks_mbedtls_common.o
[OHOS INFO] [99/852] gcc cross compiler obj/base/security/huks/frameworks/huks_standard/main/crypto_engine/mbedtls/src/libhuks_3.0_sdk.hks_mbedtls_bn.o
[OHOS INFO] [100/852] gcc cross compiler obj/base/security/huks/frameworks/huks_standard/main/crypto_engine/mbedtls/src/libhuks_3.0_sdk.hks_mbedtls_rsa.o
[OHOS INFO] [101/852] gcc cross compiler obj/base/security/huks/frameworks/huks_standard/main/crypto_engine/mbedtls/src/libhuks_3.0_sdk.hks_mbedtls_hash.o
[OHOS INFO] [102/852] gcc cross compiler obj/base/security/huks/services/huks_standard/huks_service/main/core/src/libhuks_3.0_sdk.hks_storage_lite.o
[OHOS INFO] [103/852] gcc cross compiler obj/base/security/huks/frameworks/huks_standard/main/crypto_engine/mbedtls/src/libhuks_3.0_sdk.hks_mbedtls_hmac.o
[OHOS INFO] [104/852] gcc cross compiler obj/base/security/huks/frameworks/huks_standard/main/crypto_engine/mbedtls/src/libhuks_3.0_sdk.hks_mbedtls_engine.o
[OHOS INFO] [105/852] gcc cross compiler obj/base/security/huks/frameworks/huks_standard/main/crypto_engine/mbedtls/src/libhuks_3.0_sdk.hks_mbedtls_aes.o
[OHOS INFO] [106/852] gcc cross compiler obj/base/security/huks/frameworks/huks_standard/main/crypto_engine/mbedtls/src/libhuks_3.0_sdk.hks_mbedtls_kdf.o
[OHOS INFO] [107/852] gcc cross compiler obj/base/startup/bootstrap_lite/services/source/libbootstrap.system_init.o
[OHOS INFO] [108/852] gcc cross compiler obj/base/startup/bootstrap_lite/services/source/libbootstrap.bootstrap_service.o
[OHOS INFO] [109/852] gcc cross compiler obj/base/startup/syspara_lite/frameworks/parameter/src/param_impl_hal/libsysparam.param_impl_hal.o
[OHOS INFO] [110/852] gcc cross compiler obj/base/startup/syspara_lite/frameworks/token/src/token_impl_hal/libtoken_static.token.o
[OHOS INFO] [111/852] gcc cross compiler obj/base/startup/syspara_lite/frameworks/parameter/src/libsysparam.parameter_common.o
[OHOS INFO] [112/852] gcc cross compiler obj/foundation/communication/softbus_lite/authmanager/source/libauthmanager.bus_manager.o
[OHOS INFO] [113/852] gcc cross compiler obj/foundation/communication/softbus_lite/authmanager/source/libauthmanager.msg_get_deviceid.o
[OHOS INFO] [114/852] gcc cross compiler obj/foundation/distributedschedule/samgr_lite/samgr/adapter/cmsis/libsamgr_adapter.memory_adapter.o
[OHOS INFO] [115/852] gcc cross compiler obj/foundation/distributedschedule/samgr_lite/samgr/adapter/cmsis/libsamgr_adapter.queue_adapter.o
[OHOS INFO] [116/852] gcc cross compiler obj/base/security/huks/frameworks/huks_standard/main/crypto_engine/mbedtls/src/libhuks_3.0_sdk.hks_mbedtls_x25519.o
[OHOS INFO] [117/852] STAMP obj/device/rockchip/rk2206/rk2206.stamp
[OHOS INFO] [118/852] gcc cross compiler obj/foundation/communication/softbus_lite/authmanager/source/libauthmanager.auth_interface.o
[OHOS INFO] [119/852] gcc cross compiler obj/foundation/distributedschedule/samgr_lite/samgr/adapter/cmsis/libsamgr_adapter.time_adapter.o
[OHOS INFO] [120/852] gcc cross compiler obj/foundation/communication/softbus_lite/authmanager/source/libauthmanager.wifi_auth_manager.o
[OHOS INFO] [121/852] gcc cross compiler obj/foundation/distributedschedule/samgr_lite/samgr/adapter/cmsis/libsamgr_adapter.thread_adapter.o
[OHOS INFO] [122/852] gcc cross compiler obj/device/rockchip/rk2206/adapter/hals/communication/wifi_lite/wifiservice/source/libwifiservice.wifi_device_util.o
[OHOS INFO] [123/852] gcc cross compiler obj/device/rockchip/rk2206/adapter/hals/iot_hardware/wifiiot_lite/libhal_iothardware.hal_iot_pwm.o
[OHOS INFO] [124/852] gcc cross compiler obj/device/rockchip/rk2206/adapter/hals/communication/wifi_lite/wifiservice/source/libwifiservice.wifi_device.o
[OHOS INFO] [125/852] gcc cross compiler obj/device/rockchip/rk2206/adapter/hals/communication/wifi_lite/wifiservice/source/libwifiservice.wifi_hotspot.o
[OHOS INFO] [126/852] gcc cross compiler obj/device/rockchip/rk2206/adapter/hals/communication/wifi_lite/wifiaware/source/libhal_wifiaware.hal_wifiaware.o
[OHOS INFO] [127/852] gcc cross compiler obj/device/rockchip/rk2206/adapter/hals/iot_hardware/wifiiot_lite/libhal_iothardware.hal_iot_i2c.o
[OHOS INFO] [128/852] gcc cross compiler obj/device/rockchip/rk2206/adapter/hals/iot_hardware/wifiiot_lite/libhal_iothardware.hal_iot_spi.o
[OHOS INFO] [129/852] gcc cross compiler obj/third_party/cJSON/libcjson_static.cJSON_Utils.o
[OHOS INFO] [130/852] gcc cross compiler obj/device/rockchip/rk2206/adapter/hals/iot_hardware/wifiiot_lite/libhal_iothardware.hal_iot_watchdog.o
[OHOS INFO] [131/852] gcc cross compiler obj/device/rockchip/rk2206/adapter/hals/iot_hardware/wifiiot_lite/libhal_iothardware.hal_iot_adc.o
[OHOS INFO] [132/852] gcc cross compiler obj/device/rockchip/rk2206/adapter/hals/iot_hardware/wifiiot_lite/libhal_iothardware.hal_iot_flash.o
[OHOS INFO] [133/852] gcc cross compiler obj/device/rockchip/rk2206/adapter/hals/iot_hardware/wifiiot_lite/libhal_iothardware.hal_reset.o
[OHOS INFO] [134/852] gcc cross compiler obj/device/rockchip/rk2206/adapter/hals/iot_hardware/wifiiot_lite/libhal_iothardware.hal_iot_uart.o
[OHOS INFO] [135/852] gcc cross compiler obj/device/rockchip/rk2206/adapter/hals/iot_hardware/wifiiot_lite/libhal_iothardware.hal_iot_gpio.o
[OHOS INFO] [136/852] gcc cross compiler obj/device/rockchip/rk2206/adapter/hals/utils/file/libhal_file_static.hal_file.o
[OHOS INFO] [137/852] gcc cross compiler obj/device/rockchip/rk2206/adapter/hals/iot_hardware/wifiiot_lite/libhal_iothardware.hal_lowpower.o
[OHOS INFO] [138/852] gcc cross compiler obj/device/rockchip/rk2206/adapter/hals/update/libhal_update_static.hal_hota_board.o
[OHOS INFO] [139/852] gcc cross compiler obj/device/rockchip/rk2206/sdk_liteos/board/libboard.dprintf.o
[OHOS INFO] [140/852] gcc cross compiler obj/device/rockchip/rk2206/sdk_liteos/shell/src/libshellcmd.shell_tcp.o
[OHOS INFO] [141/852] gcc cross compiler obj/device/rockchip/rk2206/sdk_liteos/shell/src/libshellcmd.shell_cmd.o
[OHOS INFO] [142/852] gcc cross compiler obj/device/rockchip/rk2206/sdk_liteos/board/libboard.iotmain.o
[OHOS INFO] [143/852] STAMP obj/domains/iot/link/link.stamp
[OHOS INFO] [144/852] gcc cross compiler obj/device/rockchip/rk2206/sdk_liteos/board/startup/libboard.startup_rk2206.o
[OHOS INFO] [145/852] STAMP obj/domains/iot/link/iot.stamp
[OHOS INFO] [146/852] gcc cross compiler obj/device/rockchip/rk2206/sdk_liteos/board/libboard.main.o
[OHOS INFO] [147/852] gcc cross compiler obj/drivers/framework/ability/config/libhdf_core.device_resource_if.o
[OHOS INFO] [148/852] gcc cross compiler obj/device/rockchip/rk2206/sdk_liteos/shell/src/libshellcmd.shell_ifconfig.o
[OHOS INFO] [149/852] gcc cross compiler obj/third_party/cJSON/libcjson_static.cJSON.o
[OHOS INFO] [150/852] gcc cross compiler obj/device/rockchip/rk2206/sdk_liteos/board/libboard.uart.o
[OHOS INFO] [151/852] gcc cross compiler obj/device/rockchip/rk2206/sdk_liteos/shell/src/libshellcmd.shell_uname.o
[OHOS INFO] [152/852] gcc cross compiler obj/device/rockchip/rk2206/sdk_liteos/shell/src/libshellcmd.shell_test.o
[OHOS INFO] [153/852] gcc cross compiler obj/device/rockchip/rk2206/sdk_liteos/shell/src/libshellcmd.shell_flash.o
[OHOS INFO] [154/852] gcc cross compiler obj/device/rockchip/rk2206/third_party/littlefs/liblzlittlefs.lfs_util.o
[OHOS INFO] [155/852] gcc cross compiler obj/drivers/framework/ability/config/hcs_parser/src/libhdf_core.hcs_blob_if.o
[OHOS INFO] [156/852] gcc cross compiler obj/device/rockchip/rk2206/sdk_liteos/shell/src/libshellcmd.shell_hwinfo.o
[OHOS INFO] [157/852] gcc cross compiler obj/drivers/framework/ability/config/hcs_parser/src/libhdf_core.hcs_parser.o
[OHOS INFO] [158/852] gcc cross compiler obj/drivers/framework/ability/config/hcs_parser/src/libhdf_core.hcs_generate_tree.o
[OHOS INFO] [159/852] gcc cross compiler obj/device/rockchip/rk2206/sdk_liteos/board/src/libboard.config_network.o
[OHOS INFO] [160/852] gcc cross compiler obj/device/rockchip/rk2206/third_party/littlefs/liblzlittlefs.lfs_api.o
[OHOS INFO] [161/852] gcc cross compiler obj/drivers/framework/ability/config/hcs_parser/src/libhdf_core.hcs_tree_if.o
[OHOS INFO] [162/852] gcc cross compiler obj/drivers/framework/ability/sbuf/src/libhdf_core.hdf_sbuf.o
[OHOS INFO] [163/852] gcc cross compiler obj/drivers/framework/support/platform/src/libhdf_platform_lite.adc_core.o
[OHOS INFO] [164/852] gcc cross compiler obj/drivers/framework/support/platform/src/libhdf_platform_lite.adc_if.o
[OHOS INFO] [165/852] gcc cross compiler obj/drivers/framework/support/platform/src/libhdf_platform_lite.spi_core.o
[OHOS INFO] [166/852] gcc cross compiler obj/drivers/framework/support/platform/src/libhdf_platform_lite.spi_if.o
[OHOS INFO] [167/852] gcc cross compiler obj/device/rockchip/rk2206/third_party/littlefs/liblzlittlefs.lfs.o
[OHOS INFO] [168/852] gcc cross compiler obj/drivers/framework/support/platform/src/libhdf_platform_lite.i2c_if.o
[OHOS INFO] [169/852] gcc cross compiler obj/drivers/adapter/khdf/liteos_m/platform/libhdf_platform_lite.plat_common.o
[OHOS INFO] [170/852] gcc cross compiler obj/drivers/framework/support/platform/src/libhdf_platform_lite.gpio_if.o
[OHOS INFO] [171/852] gcc cross compiler obj/drivers/framework/core/common/src/libhdf_core.devlite_object_config.o
[OHOS INFO] [172/852] gcc cross compiler obj/drivers/framework/support/platform/src/libhdf_platform_lite.i2c_core.o
[OHOS INFO] [173/852] gcc cross compiler obj/drivers/framework/support/platform/src/libhdf_platform_lite.gpio_core.o
[OHOS INFO] [174/852] gcc cross compiler obj/drivers/framework/ability/sbuf/src/libhdf_core.hdf_sbuf_impl_raw.o
[OHOS INFO] [175/852] gcc cross compiler obj/drivers/framework/core/host/src/libhdf_core.devmgr_service_clnt.o
[OHOS INFO] [176/852] gcc cross compiler obj/drivers/framework/support/platform/src/libhdf_platform_lite.pwm_core.o
[OHOS INFO] [177/852] gcc cross compiler obj/drivers/framework/core/common/src/libhdf_core.load_driver_entry.o
[OHOS INFO] [178/852] gcc cross compiler obj/drivers/framework/core/host/src/libhdf_core.hdf_device.o
[OHOS INFO] [179/852] gcc cross compiler obj/drivers/framework/core/common/src/libhdf_core.hdf_attribute.o
[OHOS INFO] [180/852] gcc cross compiler obj/drivers/framework/core/host/src/libhdf_core.devsvc_manager_clnt.o
[OHOS INFO] [181/852] gcc cross compiler obj/drivers/framework/core/host/src/libhdf_core.devhost_service.o
[OHOS INFO] [182/852] gcc cross compiler obj/drivers/framework/core/host/src/libhdf_core.hdf_device_token.o
[OHOS INFO] [183/852] gcc cross compiler obj/drivers/framework/core/host/src/libhdf_core.hdf_device_node.o
[OHOS INFO] [184/852] gcc cross compiler obj/drivers/framework/core/host/src/libhdf_core.hdf_driver_loader.o
[OHOS INFO] [185/852] gcc cross compiler obj/drivers/framework/core/host/src/libhdf_core.hdf_device_object.o
[OHOS INFO] [186/852] gcc cross compiler obj/drivers/framework/core/host/src/libhdf_core.hdf_service_observer.o
[OHOS INFO] [187/852] gcc cross compiler obj/drivers/framework/core/host/src/libhdf_core.hdf_service_subscriber.o
[OHOS INFO] [188/852] gcc cross compiler obj/drivers/framework/core/host/src/libhdf_core.hdf_observer_record.o
[OHOS INFO] [189/852] gcc cross compiler obj/drivers/framework/core/host/src/libhdf_core.power_state_token.o
[OHOS INFO] [190/852] gcc cross compiler obj/drivers/framework/core/manager/src/libhdf_core.device_token_clnt.o
[OHOS INFO] [191/852] gcc cross compiler obj/drivers/framework/core/manager/src/libhdf_core.devsvc_manager.o
[OHOS INFO] [192/852] gcc cross compiler obj/drivers/framework/core/manager/src/libhdf_core.hdf_driver_installer.o
[OHOS INFO] [193/852] gcc cross compiler obj/drivers/framework/core/manager/src/libhdf_core.hdf_host_info.o
[OHOS INFO] [194/852] gcc cross compiler obj/drivers/framework/core/manager/src/libhdf_core.devhost_service_clnt.o
[OHOS INFO] [195/852] gcc cross compiler obj/drivers/framework/core/manager/src/libhdf_core.devmgr_service.o
[OHOS INFO] [196/852] gcc cross compiler obj/drivers/framework/core/manager/src/libhdf_core.power_state_token_clnt.o
[OHOS INFO] [197/852] gcc cross compiler obj/drivers/framework/core/shared/src/libhdf_core.hdf_object_manager.o
[OHOS INFO] [198/852] gcc cross compiler obj/drivers/framework/core/shared/src/libhdf_core.hdf_service_record.o
[OHOS INFO] [199/852] gcc cross compiler obj/drivers/framework/core/shared/src/libhdf_core.hdf_device_info.o
[OHOS INFO] [200/852] gcc cross compiler obj/drivers/framework/utils/src/libhdf_core.hdf_cstring.o
[OHOS INFO] [201/852] gcc cross compiler obj/drivers/framework/utils/src/libhdf_core.hdf_sref.o
[OHOS INFO] [202/852] gcc cross compiler obj/drivers/framework/utils/src/libhdf_core.hdf_map.o
[OHOS INFO] [203/852] gcc cross compiler obj/drivers/framework/utils/src/libhdf_core.hdf_slist.o
[OHOS INFO] [204/852] gcc cross compiler obj/drivers/adapter/khdf/liteos_m/core/common/src/libhdf_core.hdf_device_node_ext.o
[OHOS INFO] [205/852] gcc cross compiler obj/drivers/adapter/khdf/liteos_m/osal/src/libhdf_osal_lite.osal_mem.o
[OHOS INFO] [206/852] gcc cross compiler obj/drivers/adapter/khdf/liteos_m/osal/src/libhdf_osal_lite.osal_sem.o
[OHOS INFO] [207/852] gcc cross compiler obj/drivers/adapter/khdf/liteos_m/core/common/src/libhdf_core.devmgr_service_start.o
[OHOS INFO] [208/852] gcc cross compiler obj/drivers/adapter/khdf/liteos_m/osal/src/libhdf_osal_lite.osal_mutex.o
[OHOS INFO] [209/852] gcc cross compiler obj/drivers/adapter/khdf/liteos_m/osal/src/libhdf_osal_lite.osal_spinlock.o
[OHOS INFO] [210/852] gcc cross compiler obj/drivers/adapter/khdf/liteos_m/osal/src/libhdf_osal_lite.osal_thread.o
[OHOS INFO] [211/852] gcc cross compiler obj/drivers/adapter/khdf/liteos_m/osal/src/libhdf_osal_lite.osal_time.o
[OHOS INFO] [212/852] gcc cross compiler obj/drivers/adapter/khdf/liteos_m/osal/src/libhdf_osal_lite.osal_timer.o
[OHOS INFO] [213/852] gcc cross compiler obj/foundation/communication/softbus_lite/os_adapter/source/L0/libdiscovery.os_adapter.o
[OHOS INFO] [214/852] gcc cross compiler obj/drivers/adapter/khdf/liteos_m/test/sample_driver/src/libsample_driver.sample_driver.o
[OHOS INFO] [215/852] gcc cross compiler obj/foundation/communication/softbus_lite/trans_service/source/libdistbus/libtrans_service.auth_conn_manager.o
[OHOS INFO] [216/852] gcc cross compiler obj/foundation/communication/softbus_lite/authmanager/source/libauthmanager.auth_conn.o
[OHOS INFO] [217/852] gcc cross compiler obj/foundation/communication/softbus_lite/discovery/discovery_service/source/libdiscovery.discovery_service.o
[OHOS INFO] [218/852] gcc cross compiler obj/foundation/communication/softbus_lite/discovery/coap/source/libdiscovery.coap_socket.o
[OHOS INFO] [219/852] gcc cross compiler obj/foundation/communication/wifi_aware/frameworks/source/libwifiaware.wifiaware.o
[OHOS INFO] [220/852] gcc cross compiler obj/foundation/distributedschedule/samgr_lite/communication/broadcast/source/libbroadcast.broadcast_service.o
[OHOS INFO] [221/852] gcc cross compiler obj/foundation/distributedschedule/samgr_lite/communication/broadcast/source/libbroadcast.pub_sub_feature.o
[OHOS INFO] [222/852] gcc cross compiler obj/foundation/communication/softbus_lite/discovery/coap/source/libdiscovery.coap_adapter.o
[OHOS INFO] [223/852] gcc cross compiler obj/foundation/communication/softbus_lite/discovery/coap/source/libdiscovery.coap_discover.o
[OHOS INFO] [224/852] gcc cross compiler obj/foundation/communication/softbus_lite/discovery/coap/source/libdiscovery.json_payload.o
[OHOS INFO] [225/852] gcc cross compiler obj/foundation/communication/softbus_lite/discovery/coap/source/libdiscovery.nstackx_device.o
[OHOS INFO] [226/852] gcc cross compiler obj/foundation/communication/softbus_lite/trans_service/source/libdistbus/libtrans_service.tcp_session.o
[OHOS INFO] [227/852] gcc cross compiler obj/foundation/communication/softbus_lite/discovery/coap/source/libdiscovery.nstackx_common.o
[OHOS INFO] [228/852] COPY ../../../foundation/distributedschedule/samgr_lite/config/system_capability.json obj/foundation/distributedschedule/samgr_lite/config/system_capability.json
[OHOS INFO] [229/852] gcc cross compiler obj/foundation/communication/softbus_lite/discovery/discovery_service/source/libdiscovery.coap_service.o
[OHOS INFO] [230/852] STAMP obj/foundation/distributedschedule/samgr_lite/ConfigFiles.stamp
[OHOS INFO] [231/852] gcc cross compiler obj/foundation/communication/softbus_lite/discovery/discovery_service/source/libdiscovery.common_info_manager.o
[OHOS INFO] [232/852] gcc cross compiler obj/foundation/communication/softbus_lite/trans_service/source/utils/libtrans_service.message.o
[OHOS INFO] [233/852] gcc cross compiler obj/foundation/communication/softbus_lite/trans_service/source/libdistbus/libtrans_service.trans_lock.o
[OHOS INFO] [234/852] gcc cross compiler obj/foundation/distributedschedule/samgr_lite/samgr/registry/libsamgr.service_registry.o
[OHOS INFO] [235/852] gcc cross compiler obj/foundation/distributedschedule/samgr_lite/communication/broadcast/source/libbroadcast.pub_sub_implement.o
[OHOS INFO] [236/852] gcc cross compiler obj/foundation/communication/softbus_lite/trans_service/source/utils/libtrans_service.tcp_socket.o
[OHOS INFO] [237/852] gcc cross compiler obj/foundation/distributedschedule/samgr_lite/samgr/source/libsamgr_source.service.o
[OHOS INFO] [238/852] gcc cross compiler obj/foundation/distributedschedule/samgr_lite/samgr/source/libsamgr_source.message.o
[OHOS INFO] [239/852] gcc cross compiler obj/foundation/distributedschedule/samgr_lite/samgr/source/libsamgr_source.task_manager.o
[OHOS INFO] [240/852] gcc cross compiler obj/third_party/bounds_checking_function/src/libsec_static.vswprintf_s.o
[OHOS INFO] [241/852] gcc cross compiler obj/third_party/bounds_checking_function/src/libsec_static.vwscanf_s.o
[OHOS INFO] [242/852] gcc cross compiler obj/third_party/bounds_checking_function/src/libsec_static.vswscanf_s.o
[OHOS INFO] [243/852] gcc cross compiler obj/foundation/communication/softbus_lite/trans_service/source/utils/libtrans_service.aes_gcm.o
[OHOS INFO] [244/852] gcc cross compiler obj/third_party/bounds_checking_function/src/libsec_static.wcscat_s.o
[OHOS INFO] [245/852] gcc cross compiler obj/third_party/bounds_checking_function/src/libsec_static.wcscpy_s.o
[OHOS INFO] [246/852] gcc cross compiler obj/foundation/communication/softbus_lite/trans_service/source/libdistbus/libtrans_service.tcp_session_manager.o
[OHOS INFO] [247/852] gcc cross compiler obj/foundation/distributedschedule/samgr_lite/samgr/source/libsamgr.samgr_lite.o
[OHOS INFO] [248/852] gcc cross compiler obj/third_party/bounds_checking_function/src/libsec_static.wcsncpy_s.o
[OHOS INFO] [249/852] gcc cross compiler obj/third_party/bounds_checking_function/src/libsec_static.wcsncat_s.o
[OHOS INFO] [250/852] gcc cross compiler obj/third_party/bounds_checking_function/src/libsec_static.wcstok_s.o
[OHOS INFO] [251/852] gcc cross compiler obj/third_party/bounds_checking_function/src/libsec_static.wmemcpy_s.o
[OHOS INFO] [252/852] gcc cross compiler obj/foundation/distributedschedule/samgr_lite/samgr/source/libsamgr_source.iunknown.o
[OHOS INFO] [253/852] gcc cross compiler obj/third_party/bounds_checking_function/src/libsec_static.wmemmove_s.o
[OHOS INFO] [254/852] gcc cross compiler obj/foundation/distributedschedule/samgr_lite/samgr/source/libsamgr_source.feature.o
[OHOS INFO] [255/852] gcc cross compiler obj/third_party/bounds_checking_function/src/libsec_static.wscanf_s.o
[OHOS INFO] [256/852] gcc cross compiler obj/foundation/distributedschedule/samgr_lite/samgr/source/libsamgr_source.common.o
[OHOS INFO] [257/852] gcc cross compiler obj/kernel/liteos_m/components/cppsupport/libcppsupport.los_cppsupport.o
[OHOS INFO] [258/852] gcc cross compiler obj/kernel/liteos_m/components/backtrace/libbacktrace.los_backtrace.o
[OHOS INFO] [259/852] gcc cross compiler obj/kernel/liteos_m/components/exchook/libexchook.los_exchook.o
[OHOS INFO] [260/852] gcc cross compiler obj/third_party/FatFs/source/libfatfs.diskio.o
[OHOS INFO] [261/852] gcc cross compiler obj/kernel/liteos_m/components/exchook/libexchook.los_exc_info.o
[OHOS INFO] [262/852] gcc cross compiler obj/kernel/liteos_m/components/fs/libfs_operations.fs.o
[OHOS INFO] [263/852] gcc cross compiler obj/third_party/FatFs/source/libfatfs.ffsystem.o
[OHOS INFO] [264/852] gcc cross compiler obj/kernel/liteos_m/components/cpup/libcpup.los_cpup.o
[OHOS INFO] [265/852] gcc cross compiler obj/third_party/FatFs/source/libfatfs.ffunicode.o
[OHOS INFO] [266/852] gcc cross compiler obj/third_party/littlefs/liblittlefs.lfs_util.o
[OHOS INFO] [267/852] gcc cross compiler obj/kernel/liteos_m/components/net/lwip-2.1/enhancement/src/liblwip.lwip_ifaddrs.o
[OHOS INFO] [268/852] gcc cross compiler obj/kernel/liteos_m/components/net/lwip-2.1/enhancement/src/liblwip.fixme.o
[OHOS INFO] [269/852] gcc cross compiler obj/third_party/lwip/src/core/liblwip.init.o
[OHOS INFO] [270/852] gcc cross compiler obj/kernel/liteos_m/components/net/lwip-2.1/porting/src/liblwip.api_shell.o
[OHOS INFO] [271/852] gcc cross compiler obj/kernel/liteos_m/components/fs/fatfs/libfatfs.fatfs.o
[OHOS INFO] [272/852] gcc cross compiler obj/kernel/liteos_m/components/fs/littlefs/liblittlefs.lfs_api.o
[OHOS INFO] [273/852] gcc cross compiler obj/kernel/liteos_m/components/net/lwip-2.1/porting/src/liblwip.driverif.o
[OHOS INFO] [274/852] gcc cross compiler obj/kernel/liteos_m/components/net/lwip-2.1/porting/src/liblwip.lwip_init.o
[OHOS INFO] [275/852] gcc cross compiler obj/kernel/liteos_m/components/shell/src/cmds/libshell.date_shell.o
[OHOS INFO] [276/852] gcc cross compiler obj/kernel/liteos_m/components/shell/src/cmds/libshell.shell_shellcmd.o
[OHOS INFO] [277/852] gcc cross compiler obj/kernel/liteos_m/components/shell/src/cmds/libshell.task_shellcmd.o
[OHOS INFO] [278/852] gcc cross compiler obj/kernel/liteos_m/components/shell/src/cmds/libshell.fullpath.o
[OHOS INFO] [279/852] gcc cross compiler obj/kernel/liteos_m/kernel/src/libkernel.los_sortlink.o
[OHOS INFO] [280/852] gcc cross compiler obj/kernel/liteos_m/components/shell/src/cmds/libshell.mempt_shellcmd.o
[OHOS INFO] [281/852] gcc cross compiler obj/kernel/liteos_m/kernel/src/libkernel.los_sem.o
[OHOS INFO] [282/852] gcc cross compiler obj/kernel/liteos_m/kernel/src/libkernel.los_sched.o
[OHOS INFO] [283/852] gcc cross compiler obj/third_party/littlefs/liblittlefs.lfs.o
[OHOS INFO] [284/852] gcc cross compiler obj/kernel/liteos_m/components/shell/src/cmds/libshell.vfs_shellcmd.o
[OHOS INFO] [285/852] gcc cross compiler obj/third_party/FatFs/source/libfatfs.ff.o
[OHOS INFO] [286/852] gcc cross compiler obj/kernel/liteos_m/kernel/src/libkernel.los_swtmr.o
[OHOS INFO] [287/852] gcc cross compiler obj/kernel/liteos_m/kernel/src/libkernel.los_tick.o
[OHOS INFO] [288/852] gcc cross compiler obj/kernel/liteos_m/kal/posix/src/libposix.malloc.o
[OHOS INFO] [289/852] gcc cross compiler obj/kernel/liteos_m/kal/posix/src/libposix.errno.o
[OHOS INFO] [290/852] gcc cross compiler obj/kernel/liteos_m/kernel/src/libkernel.los_task.o
[OHOS INFO] [291/852] gcc cross compiler obj/kernel/liteos_m/kal/posix/src/libposix.libc.o
[OHOS INFO] [292/852] gcc cross compiler obj/kernel/liteos_m/components/net/lwip-2.1/porting/src/liblwip.sys_arch.o
[OHOS INFO] [293/852] gcc cross compiler obj/third_party/lwip/src/core/liblwip.inet_chksum.o
[OHOS INFO] [294/852] gcc cross compiler obj/kernel/liteos_m/components/net/lwip-2.1/porting/src/liblwip.sockets_porting.o
[OHOS INFO] [295/852] gcc cross compiler obj/kernel/liteos_m/components/net/lwip-2.1/porting/src/liblwip.netdb_porting.o
[OHOS INFO] [296/852] gcc cross compiler obj/third_party/lwip/src/core/liblwip.def.o
[OHOS INFO] [297/852] gcc cross compiler obj/third_party/lwip/src/core/liblwip.ip.o
[OHOS INFO] [298/852] gcc cross compiler obj/third_party/lwip/src/core/liblwip.mem.o
[OHOS INFO] [299/852] gcc cross compiler obj/third_party/lwip/src/core/liblwip.stats.o
[OHOS INFO] [300/852] gcc cross compiler obj/third_party/lwip/src/core/liblwip.sys.o
[OHOS INFO] [301/852] gcc cross compiler obj/third_party/lwip/src/core/liblwip.altcp.o
[OHOS INFO] [302/852] gcc cross compiler obj/third_party/lwip/src/core/liblwip.memp.o
[OHOS INFO] [303/852] gcc cross compiler obj/third_party/lwip/src/core/liblwip.raw.o
[OHOS INFO] [304/852] gcc cross compiler obj/third_party/lwip/src/core/liblwip.altcp_alloc.o
[OHOS INFO] [305/852] gcc cross compiler obj/third_party/lwip/src/core/liblwip.altcp_tcp.o
[OHOS INFO] [306/852] gcc cross compiler obj/third_party/lwip/src/core/liblwip.dns.o
[OHOS INFO] [307/852] gcc cross compiler obj/third_party/lwip/src/core/liblwip.netif.o
[OHOS INFO] [308/852] gcc cross compiler obj/third_party/lwip/src/core/liblwip.pbuf.o
[OHOS INFO] [309/852] gcc cross compiler obj/third_party/lwip/src/core/liblwip.tcp_out.o
[OHOS INFO] [310/852] gcc cross compiler obj/third_party/lwip/src/core/liblwip.timeouts.o
[OHOS INFO] [311/852] gcc cross compiler obj/third_party/lwip/src/core/liblwip.tcp_in.o
[OHOS INFO] [312/852] gcc cross compiler obj/third_party/lwip/src/core/ipv4/liblwip.autoip.o
[OHOS INFO] [313/852] gcc cross compiler obj/third_party/lwip/src/core/liblwip.tcp.o
[OHOS INFO] [314/852] gcc cross compiler obj/third_party/lwip/src/core/ipv4/liblwip.icmp.o
[OHOS INFO] [315/852] gcc cross compiler obj/third_party/lwip/src/core/ipv4/liblwip.igmp.o
[OHOS INFO] [316/852] gcc cross compiler obj/third_party/lwip/src/core/liblwip.udp.o
[OHOS INFO] [317/852] gcc cross compiler obj/third_party/lwip/src/core/ipv4/liblwip.etharp.o
[OHOS INFO] [318/852] gcc cross compiler obj/third_party/lwip/src/core/ipv4/liblwip.ip4_frag.o
[OHOS INFO] [319/852] gcc cross compiler obj/third_party/lwip/src/core/ipv6/liblwip.dhcp6.o
[OHOS INFO] [320/852] gcc cross compiler obj/third_party/lwip/src/core/ipv4/liblwip.ip4.o
[OHOS INFO] [321/852] gcc cross compiler obj/third_party/lwip/src/core/ipv4/liblwip.ip4_addr.o
[OHOS INFO] [322/852] gcc cross compiler obj/third_party/lwip/src/core/ipv6/liblwip.inet6.o
[OHOS INFO] [323/852] gcc cross compiler obj/third_party/lwip/src/core/ipv6/liblwip.ethip6.o
[OHOS INFO] [324/852] gcc cross compiler obj/third_party/lwip/src/core/ipv6/liblwip.ip6.o
[OHOS INFO] [325/852] gcc cross compiler obj/third_party/lwip/src/core/ipv6/liblwip.icmp6.o
[OHOS INFO] [326/852] gcc cross compiler obj/third_party/lwip/src/core/ipv6/liblwip.mld6.o
[OHOS INFO] [327/852] gcc cross compiler obj/third_party/lwip/src/core/ipv6/liblwip.ip6_frag.o
[OHOS INFO] [328/852] gcc cross compiler obj/third_party/lwip/src/core/ipv6/liblwip.ip6_addr.o
[OHOS INFO] [329/852] gcc cross compiler obj/third_party/lwip/src/core/ipv6/liblwip.nd6.o
[OHOS INFO] [330/852] gcc cross compiler obj/third_party/lwip/src/core/ipv4/liblwip.dhcp.o
[OHOS INFO] [331/852] gcc cross compiler obj/third_party/lwip/src/api/liblwip.err.o
[OHOS INFO] [332/852] gcc cross compiler obj/third_party/lwip/src/api/liblwip.netbuf.o
[OHOS INFO] [333/852] gcc cross compiler obj/third_party/lwip/src/api/liblwip.if_api.o
[OHOS INFO] [334/852] gcc cross compiler obj/third_party/lwip/src/api/liblwip.api_lib.o
[OHOS INFO] [335/852] gcc cross compiler obj/third_party/lwip/src/api/liblwip.netdb.o
[OHOS INFO] [336/852] gcc cross compiler obj/third_party/lwip/src/api/liblwip.netifapi.o
[OHOS INFO] [337/852] gcc cross compiler obj/third_party/lwip/src/api/liblwip.tcpip.o
[OHOS INFO] [338/852] gcc cross compiler obj/third_party/lwip/src/netif/liblwip.ethernet.o
[OHOS INFO] [339/852] gcc cross compiler obj/third_party/lwip/src/netif/liblwip.bridgeif.o
[OHOS INFO] [340/852] gcc cross compiler obj/third_party/lwip/src/api/liblwip.api_msg.o
[OHOS INFO] [341/852] gcc cross compiler obj/third_party/lwip/src/netif/ppp/liblwip.ccp.o
[OHOS INFO] [342/852] gcc cross compiler obj/third_party/lwip/src/netif/liblwip.slipif.o
[OHOS INFO] [343/852] gcc cross compiler obj/third_party/lwip/src/netif/ppp/liblwip.auth.o
[OHOS INFO] [344/852] gcc cross compiler obj/third_party/lwip/src/netif/ppp/liblwip.chap-md5.o
[OHOS INFO] [345/852] gcc cross compiler obj/third_party/lwip/src/netif/ppp/liblwip.chap_ms.o
[OHOS INFO] [346/852] gcc cross compiler obj/third_party/lwip/src/netif/liblwip.bridgeif_fdb.o
[OHOS INFO] [347/852] gcc cross compiler obj/third_party/lwip/src/netif/ppp/liblwip.chap-new.o
[OHOS INFO] [348/852] gcc cross compiler obj/third_party/lwip/src/netif/ppp/liblwip.demand.o
[OHOS INFO] [349/852] gcc cross compiler obj/third_party/lwip/src/netif/ppp/liblwip.eap.o
[OHOS INFO] [350/852] gcc cross compiler obj/third_party/lwip/src/netif/ppp/liblwip.ecp.o
[OHOS INFO] [351/852] gcc cross compiler obj/third_party/lwip/src/netif/ppp/liblwip.eui64.o
[OHOS INFO] [352/852] gcc cross compiler obj/third_party/lwip/src/netif/ppp/liblwip.fsm.o
[OHOS INFO] [353/852] gcc cross compiler obj/third_party/lwip/src/netif/ppp/liblwip.ipcp.o
[OHOS INFO] [354/852] gcc cross compiler obj/third_party/lwip/src/netif/ppp/liblwip.magic.o
[OHOS INFO] [355/852] gcc cross compiler obj/third_party/lwip/src/netif/ppp/liblwip.mppe.o
[OHOS INFO] [356/852] gcc cross compiler obj/third_party/lwip/src/netif/ppp/liblwip.lcp.o
[OHOS INFO] [357/852] gcc cross compiler obj/third_party/lwip/src/netif/ppp/liblwip.ipv6cp.o
[OHOS INFO] [358/852] gcc cross compiler obj/third_party/lwip/src/netif/ppp/liblwip.pppapi.o
[OHOS INFO] [359/852] gcc cross compiler obj/third_party/lwip/src/netif/ppp/liblwip.pppcrypt.o
[OHOS INFO] [360/852] gcc cross compiler obj/third_party/lwip/src/netif/ppp/liblwip.multilink.o
[OHOS INFO] [361/852] gcc cross compiler obj/third_party/lwip/src/netif/ppp/liblwip.ppp.o
[OHOS INFO] [362/852] gcc cross compiler obj/third_party/lwip/src/netif/ppp/liblwip.pppoe.o
[OHOS INFO] [363/852] gcc cross compiler obj/third_party/lwip/src/netif/ppp/liblwip.pppos.o
[OHOS INFO] [364/852] gcc cross compiler obj/third_party/lwip/src/netif/ppp/liblwip.utils.o
[OHOS INFO] [365/852] gcc cross compiler obj/third_party/lwip/src/netif/ppp/liblwip.upap.o
[OHOS INFO] [366/852] gcc cross compiler obj/third_party/lwip/src/netif/ppp/liblwip.pppol2tp.o
[OHOS INFO] [367/852] gcc cross compiler obj/third_party/lwip/src/netif/ppp/liblwip.vj.o
[OHOS INFO] [368/852] gcc cross compiler obj/third_party/lwip/src/api/liblwip.sockets.o
[OHOS INFO] [369/852] gcc cross compiler obj/third_party/lwip/src/netif/ppp/polarssl/liblwip.des.o
[OHOS INFO] [370/852] gcc cross compiler obj/third_party/lwip/src/netif/ppp/polarssl/liblwip.arc4.o
[OHOS INFO] [371/852] gcc cross compiler obj/third_party/lwip/src/netif/ppp/polarssl/liblwip.md5.o
[OHOS INFO] [372/852] gcc cross compiler obj/third_party/lwip/src/netif/ppp/polarssl/liblwip.md4.o
[OHOS INFO] [373/852] gcc cross compiler obj/third_party/lwip/src/netif/liblwip.lowpan6_common.o
[OHOS INFO] [374/852] gcc cross compiler obj/third_party/lwip/src/netif/liblwip.lowpan6.o
[OHOS INFO] [375/852] gcc cross compiler obj/third_party/lwip/src/netif/ppp/polarssl/liblwip.sha1.o
[OHOS INFO] [376/852] gcc cross compiler obj/third_party/lwip/src/netif/liblwip.lowpan6_ble.o
[OHOS INFO] [377/852] gcc cross compiler obj/kernel/liteos_m/kal/posix/src/libposix.pthread.o
[OHOS INFO] [378/852] gcc cross compiler obj/kernel/liteos_m/kal/posix/src/libposix.pthread_attr.o
[OHOS INFO] [379/852] gcc cross compiler obj/kernel/liteos_m/kal/posix/src/libposix.pthread_cond.o
[OHOS INFO] [380/852] gcc cross compiler obj/third_party/lwip/src/netif/liblwip.zepif.o
[OHOS INFO] [381/852] gcc cross compiler obj/kernel/liteos_m/kal/posix/src/libposix.mqueue.o
[OHOS INFO] [382/852] gcc cross compiler obj/kernel/liteos_m/components/shell/src/base/libshell.show.o
[OHOS INFO] [383/852] gcc cross compiler obj/kernel/liteos_m/components/shell/src/base/libshell.shcmd.o
[OHOS INFO] [384/852] gcc cross compiler obj/kernel/liteos_m/components/shell/src/base/libshell.shmsg.o
[OHOS INFO] [385/852] gcc cross compiler obj/kernel/liteos_m/components/shell/src/base/libshell.shcmdparse.o
[OHOS INFO] [386/852] gcc cross compiler obj/kernel/liteos_m/kal/posix/src/libposix.pthread_mutex.o
[OHOS INFO] [387/852] gcc cross compiler obj/kernel/liteos_m/kal/posix/src/libposix.semaphore.o
[OHOS INFO] [388/852] gcc cross compiler obj/kernel/liteos_m/utils/libutils.los_error.o
[OHOS INFO] [389/852] gcc cross compiler obj/kernel/liteos_m/utils/libutils.los_debug.o
[OHOS INFO] [390/852] gcc cross compiler obj/kernel/liteos_m/components/power/libpm.los_pm.o
[OHOS INFO] [391/852] gcc cross compiler obj/kernel/liteos_m/kal/cmsis/libcmsis.cmsis_liteos2.o
[OHOS INFO] [392/852] gcc cross compiler obj/kernel/liteos_m/kernel/src/libkernel.los_event.o
[OHOS INFO] [393/852] gcc cross compiler obj/kernel/liteos_m/kernel/src/libkernel.los_init.o
[OHOS INFO] [394/852] gcc cross compiler obj/kernel/liteos_m/kernel/src/libkernel.los_mux.o
[OHOS INFO] [395/852] gcc cross compiler obj/kernel/liteos_m/kernel/src/mm/libkernel.los_membox.o
[OHOS INFO] [396/852] gcc cross compiler obj/kernel/liteos_m/kal/posix/src/libposix.time.o
[OHOS INFO] [397/852] gcc cross compiler obj/kernel/liteos_m/kernel/arch/arm/cortex-m4/gcc/libarch.los_dispatch.o
[OHOS INFO] [398/852] gcc cross compiler obj/kernel/liteos_m/kernel/src/libkernel.los_queue.o
[OHOS INFO] [399/852] gcc cross compiler obj/kernel/liteos_m/kernel/arch/arm/cortex-m4/gcc/libarch.los_exc.o
[OHOS INFO] [400/852] gcc cross compiler obj/kernel/liteos_m/kernel/arch/arm/cortex-m4/gcc/libarch.los_mpu.o
[OHOS INFO] [401/852] STAMP obj/prebuilts/lite/sysroot/sysroot.stamp
[OHOS INFO] [402/852] gcc cross compiler obj/kernel/liteos_m/kernel/arch/arm/cortex-m4/gcc/libarch.los_context.o
[OHOS INFO] [403/852] STAMP obj/build/lite/prebuilts.stamp
[OHOS INFO] [404/852] gcc cross compiler obj/kernel/liteos_m/kernel/arch/arm/cortex-m4/gcc/libarch.los_timer.o
[OHOS INFO] [405/852] STAMP obj/applications/sample/wifi-iot/app/startup/startup.stamp
[OHOS INFO] [406/852] gcc cross compiler obj/kernel/liteos_m/utils/libutils.los_hook.o
[OHOS INFO] [407/852] AR libs/libblackbox.a
[OHOS INFO] [408/852] STAMP obj/applications/sample/wifi-iot/app/app.stamp
[OHOS INFO] [409/852] AR libs/libhidumper_mini.a
[OHOS INFO] [410/852] AR libs/libhiview_lite.a
[OHOS INFO] [411/852] AR libs/libbootstrap.a
[OHOS INFO] [412/852] AR libs/libcjson_static.a
[OHOS INFO] [413/852] AR libs/libhievent_lite.a
[OHOS INFO] [414/852] AR libs/libhilog_lite.a
[OHOS INFO] [415/852] AR libs/libhal_wifiaware.a
[OHOS INFO] [416/852] STAMP obj/base/hiviewdfx/hilog_lite/frameworks/mini/hilog_lite_ndk.stamp
[OHOS INFO] [417/852] AR libs/libwifiservice.a
[OHOS INFO] [418/852] ACTION //device/rockchip/hardware:hardware(//build/lite/toolchain:arm-none-eabi-gcc)
[OHOS INFO] [419/852] AR libs/libhal_file_static.a
[OHOS INFO] [420/852] STAMP obj/device/rockchip/rk2206/adapter/hals/communication/wifi_lite/wifiservice/wifiservice_ndk.stamp
[OHOS INFO] [421/852] STAMP obj/device/rockchip/hardware/hardware.stamp
[OHOS INFO] [422/852] AR libs/libhal_iothardware.a
[OHOS INFO] [423/852] AR libs/libhal_update_static.a
[OHOS INFO] [424/852] AR libs/libshellcmd.a
[OHOS INFO] [425/852] STAMP obj/base/iot_hardware/peripheral/iothardware.stamp
[OHOS INFO] [426/852] STAMP obj/base/iot_hardware/peripheral/iothardware_ndk.stamp
[OHOS INFO] [427/852] gcc cross compiler obj/kernel/liteos_m/kernel/arch/arm/cortex-m4/gcc/libarch.los_interrupt.o
[OHOS INFO] [428/852] AR libs/libhdf_osal_lite.a
[OHOS INFO] [429/852] AR libs/libboard.a
[OHOS INFO] [430/852] ACTION //device/rockchip/rk2206/third_party/lwip:rk2206_lwip(//build/lite/toolchain:arm-none-eabi-gcc)
[OHOS INFO] [431/852] AR libs/libhdf_core.a
[OHOS INFO] [432/852] gcc cross compiler obj/kernel/liteos_m/kernel/src/mm/libkernel.los_memory.o
[OHOS INFO] [433/852] gcc cross compiler obj/test/xts/acts/communication_lite/wifiservice_hal/src/libmodule_ActsWifiServiceTest.wifiservice_func_test.o
[OHOS INFO] [434/852] gcc cross compiler obj/test/xts/acts/distributed_schedule_lite/system_ability_manager_hal/src/libmodule_ActsSamgrTest.feature_func_test.o
[OHOS INFO] [435/852] AR libs/libauthmanager.a
[OHOS INFO] [436/852] STAMP obj/foundation/communication/wifi_lite/wifi.stamp
[OHOS INFO] [437/852] STAMP obj/device/rockchip/rk2206/third_party/lwip/rk2206_lwip.stamp
[OHOS INFO] [438/852] AR libs/libsample_driver.a
[OHOS INFO] [439/852] AR libs/libhdf_platform_lite.a
[OHOS INFO] [440/852] AR libs/libwifiaware.a
[OHOS INFO] [441/852] AR libs/libdiscovery.a
[OHOS INFO] [442/852] AR libs/libtrans_service.a
[OHOS INFO] [443/852] AR libs/libbroadcast.a
[OHOS INFO] [444/852] AR libs/libsamgr_adapter.a
[OHOS INFO] [445/852] AR libs/libcppsupport.a
[OHOS INFO] [446/852] AR libs/libbacktrace.a
[OHOS INFO] [447/852] STAMP obj/foundation/communication/softbus_lite/discovery_ndk.stamp
[OHOS INFO] [448/852] AR libs/libexchook.a
[OHOS INFO] [449/852] STAMP obj/foundation/communication/softbus_lite/softbus.stamp
[OHOS INFO] [450/852] STAMP obj/foundation/communication/softbus_lite/trans_service_ndk.stamp
[OHOS INFO] [451/852] AR libs/libcpup.a
[OHOS INFO] [452/852] AR libs/libsamgr_source.a
[OHOS INFO] [453/852] AR libs/libcmsis.a
[OHOS INFO] [454/852] AR libs/libpm.a
[OHOS INFO] [455/852] AR libs/libarch.a
[OHOS INFO] [456/852] AR libs/libutils.a
[OHOS INFO] [457/852] STAMP obj/foundation/communication/softbus_lite/softbus_lite_ndk.stamp
[OHOS INFO] [458/852] AR libs/libsamgr.a
[OHOS INFO] [459/852] AR libs/libkernel.a
[OHOS INFO] [460/852] STAMP obj/foundation/distributedschedule/samgr_lite/samgr.stamp
[OHOS INFO] [461/852] STAMP obj/foundation/distributedschedule/samgr_lite/samgr_lite_ndk.stamp
[OHOS INFO] [462/852] gcc cross compiler obj/test/xts/acts/distributed_schedule_lite/system_ability_manager_hal/src/libmodule_ActsSamgrTest.broadcast_publish_func_test.o
[OHOS INFO] [463/852] gcc cross compiler obj/test/xts/acts/communication_lite/lwip_hal/src/libmodule_ActsLwipTest.lwip_func_test.o
[OHOS INFO] [464/852] gcc cross compiler obj/test/xts/acts/distributed_schedule_lite/system_ability_manager_hal/src/libmodule_ActsSamgrTest.iunknown_func_test.o
[OHOS INFO] [465/852] gcc cross compiler obj/test/xts/acts/hiviewdfx_lite/hievent_hal/src/libmodule_ActsHieventLiteTest.hievent_lite_test.o
[OHOS INFO] [466/852] gcc cross compiler obj/test/xts/acts/distributed_schedule_lite/system_ability_manager_hal/src/libmodule_ActsSamgrTest.featureapi_func_test.o
[OHOS INFO] [467/852] gcc cross compiler obj/test/xts/acts/distributed_schedule_lite/system_ability_manager_hal/src/libmodule_ActsSamgrTest.broadcast_subscribe_func_test.o
[OHOS INFO] [468/852] gcc cross compiler obj/test/xts/acts/distributed_schedule_lite/system_ability_manager_hal/src/libmodule_ActsSamgrTest.common_func_test.o
[OHOS INFO] [469/852] gcc cross compiler obj/test/xts/acts/distributed_schedule_lite/system_ability_manager_hal/src/libmodule_ActsSamgrTest.defaultfeatureapi_func_test.o
[OHOS INFO] [470/852] gcc cross compiler obj/test/xts/acts/distributed_schedule_lite/system_ability_manager_hal/src/libmodule_ActsSamgrTest.service_func_test.o
[OHOS INFO] [471/852] gcc cross compiler obj/test/xts/acts/distributed_schedule_lite/system_ability_manager_hal/src/libmodule_ActsSamgrTest.sendresponse_func_test.o
[OHOS INFO] [472/852] gcc cross compiler obj/test/xts/acts/distributed_schedule_lite/system_ability_manager_hal/src/libmodule_ActsSamgrTest.sendsharerequest_func_test.o
[OHOS INFO] [473/852] gcc cross compiler obj/test/xts/acts/distributed_schedule_lite/system_ability_manager_hal/src/libmodule_ActsSamgrTest.sendrequest_func_test.o
[OHOS INFO] [474/852] gcc cross compiler obj/test/xts/acts/distributed_schedule_lite/system_ability_manager_hal/utils/libmodule_ActsSamgrTest.samgr_maintenance.o
[OHOS INFO] [475/852] gcc cross compiler obj/test/xts/acts/distributed_schedule_lite/system_ability_manager_hal/src/libmodule_ActsSamgrTest.taskpool_notask_func_test.o
[OHOS INFO] [476/852] gcc cross compiler obj/test/xts/acts/hiviewdfx_lite/hilog_hal/src/libmodule_ActsDfxFuncTest.dfx_hilog.o
[OHOS INFO] [477/852] gcc cross compiler obj/test/xts/acts/security_lite/huks/liteos_m_adapter/libmodule_ActsHuksHalFunctionTest.hks_aes_test.o
[OHOS INFO] [478/852] gcc cross compiler obj/test/xts/acts/distributed_schedule_lite/system_ability_manager_hal/src/libmodule_ActsSamgrTest.taskpool_sharedtask_func_test.o
[OHOS INFO] [479/852] gcc cross compiler obj/test/xts/acts/distributed_schedule_lite/system_ability_manager_hal/src/libmodule_ActsSamgrTest.taskpool_singletask_func_test.o
[OHOS INFO] [480/852] gcc cross compiler obj/test/xts/acts/distributed_schedule_lite/system_ability_manager_hal/src/libmodule_ActsSamgrTest.taskpool_specifiedtask_func_test.o
[OHOS INFO] [481/852] gcc cross compiler obj/test/xts/acts/iot_hardware_lite/iot_controller_hal/src/libmodule_ActsWifiIotTest.iot_flash_test.o
[OHOS INFO] [482/852] gcc cross compiler obj/test/xts/acts/security_lite/huks/liteos_m_adapter/libmodule_ActsHuksHalFunctionTest.hks_agreement_test.o
[OHOS INFO] [483/852] gcc cross compiler obj/test/xts/acts/iot_hardware_lite/iot_controller_hal/src/libmodule_ActsWifiIotTest.iot_gpio_test.o
[OHOS INFO] [484/852] gcc cross compiler obj/test/xts/acts/iot_hardware_lite/iot_controller_hal/src/libmodule_ActsWifiIotTest.iot_pwm_test.o
[OHOS INFO] [485/852] gcc cross compiler obj/test/xts/acts/iot_hardware_lite/iot_controller_hal/src/libmodule_ActsWifiIotTest.iot_watchdog_test.o
[OHOS INFO] [486/852] ACTION //test/xts/acts/build_lite:acts_xdevice(//build/lite/toolchain:arm-none-eabi-gcc)
[OHOS INFO] [487/852] gcc cross compiler obj/test/xts/acts/iot_hardware_lite/iot_controller_hal/src/libmodule_ActsWifiIotTest.iot_i2c_test.o
[OHOS INFO] [488/852] STAMP obj/test/xts/acts/build_lite/acts_xdevice.stamp
[OHOS INFO] [489/852] gcc cross compiler obj/test/xts/acts/iot_hardware_lite/iot_controller_hal/src/libmodule_ActsWifiIotTest.iot_uart_test.o
[OHOS INFO] [490/852] gcc cross compiler obj/test/xts/acts/iot_hardware_lite/iot_controller_hal/src/libmodule_ActsWifiIotTest.lowpower_test.o
[OHOS INFO] [491/852] gcc cross compiler obj/test/xts/acts/iot_hardware_lite/iot_controller_hal/src/libmodule_ActsWifiIotTest.reset_test.o
[OHOS INFO] [492/852] gcc cross compiler obj/test/xts/acts/security_lite/huks/common/libhuks_test_common.hks_test_aes.o
[OHOS INFO] [493/852] gcc cross compiler obj/test/xts/acts/security_lite/huks/common/libhuks_test_common.hks_test_api_performance.o
[OHOS INFO] [494/852] gcc cross compiler obj/test/xts/acts/security_lite/huks/common/libhuks_test_common.hks_test_cipher.o
[OHOS INFO] [495/852] gcc cross compiler obj/test/xts/acts/security_lite/huks/common/libhuks_test_common.hks_test_curve25519.o
[OHOS INFO] [496/852] gcc cross compiler obj/test/xts/acts/security_lite/huks/common/libhuks_test_common.hks_test_mem.o
[OHOS INFO] [497/852] gcc cross compiler obj/test/xts/acts/startup_lite/syspara_hal/src/libmodule_ActsParameterTest.parameter_utils.o
[OHOS INFO] [498/852] gcc cross compiler obj/test/xts/acts/security_lite/huks/common/libhuks_test_common.hks_test_common.o
[OHOS INFO] [499/852] gcc cross compiler obj/test/xts/acts/security_lite/huks/liteos_m_adapter/libmodule_ActsHuksHalFunctionTest.hks_bn_exp_mod_test.o
[OHOS INFO] [500/852] gcc cross compiler obj/test/xts/acts/security_lite/huks/liteos_m_adapter/libmodule_ActsHuksHalFunctionTest.hks_delete_test.o
[OHOS INFO] [501/852] gcc cross compiler obj/test/xts/acts/security_lite/huks/common/libhuks_test_common.hks_test_file_operator.o
[OHOS INFO] [502/852] gcc cross compiler obj/test/xts/acts/startup_lite/bootstrap_hal/src/libmodule_ActsBootstrapTest.samgr_api_test.o
[OHOS INFO] [503/852] gcc cross compiler obj/test/xts/acts/security_lite/huks/liteos_m_adapter/libmodule_ActsHuksHalFunctionTest.hks_curve25519_test.o
[OHOS INFO] [504/852] AR libs/libhuks_test_common.a
[OHOS INFO] [505/852] gcc cross compiler obj/test/xts/acts/startup_lite/syspara_hal/src/libmodule_ActsParameterTest.parameter_reli_test.o
[OHOS INFO] [506/852] gcc cross compiler obj/test/xts/acts/security_lite/huks/liteos_m_adapter/libmodule_ActsHuksHalFunctionTest.hks_exist_test.o
[OHOS INFO] [507/852] gcc cross compiler obj/test/xts/acts/security_lite/huks/liteos_m_adapter/libmodule_ActsHuksHalFunctionTest.hks_cipher_test.o
[OHOS INFO] [508/852] gcc cross compiler obj/test/xts/acts/security_lite/huks/liteos_m_adapter/libmodule_ActsHuksHalFunctionTest.hks_derive_test.o
[OHOS INFO] [509/852] gcc cross compiler obj/test/xts/acts/security_lite/huks/liteos_m_adapter/libmodule_ActsHuksHalFunctionTest.hks_generate_key_test.o
[OHOS INFO] [510/852] gcc cross compiler obj/test/xts/acts/security_lite/huks/liteos_m_adapter/libmodule_ActsHuksHalFunctionTest.hks_generate_random_test.o
[OHOS INFO] [511/852] gcc cross compiler obj/test/xts/acts/security_lite/huks/liteos_m_adapter/libmodule_ActsHuksHalFunctionTest.hks_hash_test.o
[OHOS INFO] [512/852] gcc cross compiler obj/test/xts/acts/security_lite/huks/liteos_m_adapter/libmodule_ActsHuksHalFunctionTest.hks_mac_test.o
[OHOS INFO] [513/852] gcc cross compiler obj/test/xts/acts/startup_lite/syspara_hal/src/libmodule_ActsParameterTest.parameter_func_test.o
[OHOS INFO] [514/852] gcc cross compiler obj/test/xts/acts/security_lite/huks/liteos_m_adapter/libmodule_ActsHuksHalFunctionTest.hks_safe_cipher_key_test.o
[OHOS INFO] [515/852] gcc cross compiler obj/test/xts/acts/update_lite/dupdate_hal/src/libmodule_ActsUpdaterFuncTest.ota_func_test.o
[OHOS INFO] [516/852] gcc cross compiler obj/test/xts/acts/security_lite/huks/liteos_m_adapter/libmodule_ActsHuksHalFunctionTest.hks_modify_key_test.o
[OHOS INFO] [517/852] gcc cross compiler obj/test/xts/acts/security_lite/huks/liteos_m_adapter/libmodule_ActsHuksHalFunctionTest.hks_others_test.o
[OHOS INFO] [518/852] gcc cross compiler obj/test/xts/tools/lite/hctest/src/libhctest.hctest.o
[OHOS INFO] [519/852] gcc cross compiler obj/test/xts/tools/lite/hctest/src/libhctest.hctest_service.o
[OHOS INFO] [520/852] gcc cross compiler obj/third_party/bounds_checking_function/src/libsec_static.gets_s.o
[OHOS INFO] [521/852] gcc cross compiler obj/third_party/bounds_checking_function/src/libsec_static.memmove_s.o
[OHOS INFO] [522/852] STAMP obj/third_party/bounds_checking_function/libsec_shared.stamp
[OHOS INFO] [523/852] gcc cross compiler obj/test/xts/acts/security_lite/huks/liteos_m_adapter/libmodule_ActsHuksHalFunctionTest.hks_safe_compare_key_test.o
[OHOS INFO] [524/852] gcc cross compiler obj/test/xts/acts/utils_lite/file_hal/src/libmodule_ActsUtilsFileTest.utils_file_reli_test.o
[OHOS INFO] [525/852] gcc cross compiler obj/third_party/bounds_checking_function/src/libsec_static.fscanf_s.o
[OHOS INFO] [526/852] gcc cross compiler obj/third_party/bounds_checking_function/src/libsec_static.fwscanf_s.o
[OHOS INFO] [527/852] gcc cross compiler obj/third_party/mbedtls/library/libmbedtls.ccm.o
[OHOS INFO] [528/852] gcc cross compiler obj/test/xts/acts/utils_lite/file_hal/src/libmodule_ActsUtilsFileTest.utils_file_func_test.o
[OHOS INFO] [529/852] gcc cross compiler obj/third_party/bounds_checking_function/src/libsec_static.memcpy_s.o
[OHOS INFO] [530/852] gcc cross compiler obj/third_party/mbedtls/library/libmbedtls.camellia.o
[OHOS INFO] [531/852] gcc cross compiler obj/third_party/bounds_checking_function/src/libsec_static.memset_s.o
[OHOS INFO] [532/852] gcc cross compiler obj/third_party/mbedtls/library/libmbedtls.chacha20.o
[OHOS INFO] [533/852] gcc cross compiler obj/third_party/mbedtls/library/libmbedtls.cmac.o
[OHOS INFO] [534/852] gcc cross compiler obj/test/xts/acts/utils_lite/kv_store_hal/src/libmodule_ActsKvStoreTest.kvstore_func_test.o
[OHOS INFO] [535/852] gcc cross compiler obj/third_party/unity/src/libhctest.unity.o
[OHOS INFO] [536/852] gcc cross compiler obj/third_party/mbedtls/library/libmbedtls.chachapoly.o
[OHOS INFO] [537/852] gcc cross compiler obj/third_party/mbedtls/library/libmbedtls.cipher_wrap.o
[OHOS INFO] [538/852] gcc cross compiler obj/third_party/mbedtls/library/libmbedtls.ctr_drbg.o
[OHOS INFO] [539/852] AR libs/libhctest.a
[OHOS INFO] [540/852] gcc cross compiler obj/third_party/mbedtls/library/libmbedtls.cipher.o
[OHOS INFO] [541/852] AR libs/libmodule_ActsLwipTest.a
[OHOS INFO] [542/852] AR libs/libmodule_ActsWifiServiceTest.a
[OHOS INFO] [543/852] ACTION //test/xts/acts/communication_lite/lwip_hal:ActsLwipTest(//build/lite/toolchain:arm-none-eabi-gcc)
[OHOS INFO] [544/852] STAMP obj/test/xts/acts/communication_lite/lwip_hal/ActsLwipTest.stamp
[OHOS INFO] [545/852] ACTION //test/xts/acts/communication_lite/wifiservice_hal:ActsWifiServiceTest(//build/lite/toolchain:arm-none-eabi-gcc)
[OHOS INFO] [546/852] STAMP obj/test/xts/acts/communication_lite/wifiservice_hal/ActsWifiServiceTest.stamp
[OHOS INFO] [547/852] AR libs/libmodule_ActsHieventLiteTest.a
[OHOS INFO] [548/852] AR libs/libmodule_ActsSamgrTest.a
[OHOS INFO] [549/852] gcc cross compiler obj/third_party/mbedtls/library/libmbedtls.blowfish.o
[OHOS INFO] [550/852] gcc cross compiler obj/third_party/mbedtls/library/libmbedtls.base64.o
[OHOS INFO] [551/852] gcc cross compiler obj/third_party/mbedtls/library/libmbedtls.aria.o
[OHOS INFO] [552/852] gcc cross compiler obj/third_party/mbedtls/library/libmbedtls.asn1write.o
[OHOS INFO] [553/852] AR libs/libmodule_ActsDfxFuncTest.a
[OHOS INFO] [554/852] AR libs/libmodule_ActsWifiIotTest.a
[OHOS INFO] [555/852] AR libs/libmodule_ActsBootstrapTest.a
[OHOS INFO] [556/852] gcc cross compiler obj/third_party/mbedtls/library/libmbedtls.asn1parse.o
[OHOS INFO] [557/852] ACTION //test/xts/acts/distributed_schedule_lite/system_ability_manager_hal:ActsSamgrTest(//build/lite/toolchain:arm-none-eabi-gcc)
[OHOS INFO] [558/852] AR libs/libmodule_ActsHuksHalFunctionTest.a
[OHOS INFO] [559/852] ACTION //test/xts/acts/hiviewdfx_lite/hievent_hal:ActsHieventLiteTest(//build/lite/toolchain:arm-none-eabi-gcc)
[OHOS INFO] [560/852] STAMP obj/test/xts/acts/distributed_schedule_lite/system_ability_manager_hal/ActsSamgrTest.stamp
[OHOS INFO] [561/852] AR libs/libmodule_ActsParameterTest.a
[OHOS INFO] [562/852] STAMP obj/test/xts/acts/hiviewdfx_lite/hievent_hal/ActsHieventLiteTest.stamp
[OHOS INFO] [563/852] ACTION //test/xts/acts/hiviewdfx_lite/hilog_hal:ActsDfxFuncTest(//build/lite/toolchain:arm-none-eabi-gcc)
[OHOS INFO] [564/852] AR libs/libmodule_ActsUtilsFileTest.a
[OHOS INFO] [565/852] ACTION //test/xts/acts/iot_hardware_lite/iot_controller_hal:ActsWifiIotTest(//build/lite/toolchain:arm-none-eabi-gcc)
[OHOS INFO] [566/852] AR libs/libmodule_ActsUpdaterFuncTest.a
[OHOS INFO] [567/852] ACTION //test/xts/acts/security_lite/huks/liteos_m_adapter:ActsHuksHalFunctionTest(//build/lite/toolchain:arm-none-eabi-gcc)
[OHOS INFO] [568/852] STAMP obj/test/xts/acts/hiviewdfx_lite/hilog_hal/ActsDfxFuncTest.stamp
[OHOS INFO] [569/852] ACTION //test/xts/acts/startup_lite/bootstrap_hal:ActsBootstrapTest(//build/lite/toolchain:arm-none-eabi-gcc)
[OHOS INFO] [570/852] ACTION //test/xts/acts/startup_lite/syspara_hal:ActsParameterTest(//build/lite/toolchain:arm-none-eabi-gcc)
[OHOS INFO] [571/852] STAMP obj/test/xts/acts/iot_hardware_lite/iot_controller_hal/ActsWifiIotTest.stamp
[OHOS INFO] [572/852] STAMP obj/test/xts/tools/lite/tools.stamp
[OHOS INFO] [573/852] STAMP obj/test/xts/acts/security_lite/huks/liteos_m_adapter/ActsHuksHalFunctionTest.stamp
[OHOS INFO] [574/852] STAMP obj/test/xts/acts/startup_lite/bootstrap_hal/ActsBootstrapTest.stamp
[OHOS INFO] [575/852] STAMP obj/test/xts/acts/startup_lite/syspara_hal/ActsParameterTest.stamp
[OHOS INFO] [576/852] AR libs/libmodule_ActsKvStoreTest.a
[OHOS INFO] [577/852] STAMP obj/test/xts/acts/security_lite/securitytest.stamp
[OHOS INFO] [578/852] ACTION //test/xts/acts/utils_lite/file_hal:ActsUtilsFileTest(//build/lite/toolchain:arm-none-eabi-gcc)
[OHOS INFO] [579/852] gcc cross compiler obj/third_party/bounds_checking_function/src/libsec_static.securecutil.o
[OHOS INFO] [580/852] STAMP obj/test/xts/acts/utils_lite/file_hal/ActsUtilsFileTest.stamp
[OHOS INFO] [581/852] ACTION //test/xts/acts/update_lite/dupdate_hal:ActsUpdaterFuncTest(//build/lite/toolchain:arm-none-eabi-gcc)
[OHOS INFO] [582/852] STAMP obj/test/xts/acts/update_lite/dupdate_hal/ActsUpdaterFuncTest.stamp
[OHOS INFO] [583/852] gcc cross compiler obj/third_party/bounds_checking_function/src/libsec_static.scanf_s.o
[OHOS INFO] [584/852] ACTION //test/xts/acts/utils_lite/kv_store_hal:ActsKvStoreTest(//build/lite/toolchain:arm-none-eabi-gcc)
[OHOS INFO] [585/852] gcc cross compiler obj/third_party/bounds_checking_function/src/libsec_static.secureprintoutput_a.o
[OHOS INFO] [586/852] gcc cross compiler obj/third_party/bounds_checking_function/src/libsec_static.secureprintoutput_w.o
[OHOS INFO] [587/852] gcc cross compiler obj/third_party/bounds_checking_function/src/libsec_static.sprintf_s.o
[OHOS INFO] [588/852] STAMP obj/test/xts/acts/utils_lite/kv_store_hal/ActsKvStoreTest.stamp
[OHOS INFO] [589/852] STAMP obj/test/xts/acts/build_lite/acts_component.stamp
[OHOS INFO] [590/852] gcc cross compiler obj/third_party/bounds_checking_function/src/libsec_static.secureinput_a.o
[OHOS INFO] [591/852] gcc cross compiler obj/third_party/bounds_checking_function/src/libsec_static.snprintf_s.o
[OHOS INFO] [592/852] gcc cross compiler obj/third_party/bounds_checking_function/src/libsec_static.secureinput_w.o
[OHOS INFO] [593/852] gcc cross compiler obj/third_party/bounds_checking_function/src/libsec_static.strcat_s.o
[OHOS INFO] [594/852] ACTION //test/xts/acts/build_lite:acts_generate_module_data(//build/lite/toolchain:arm-none-eabi-gcc)
[OHOS INFO] [595/852] gcc cross compiler obj/third_party/bounds_checking_function/src/libsec_static.sscanf_s.o
[OHOS INFO] [596/852] gcc cross compiler obj/third_party/mbedtls/library/libmbedtls.bignum.o
[OHOS INFO] [597/852] gcc cross compiler obj/third_party/bounds_checking_function/src/libsec_static.strcpy_s.o
[OHOS INFO] [598/852] gcc cross compiler obj/third_party/bounds_checking_function/src/libsec_static.strncat_s.o
[OHOS INFO] [599/852] STAMP obj/test/xts/acts/build_lite/acts_generate_module_data.stamp
[OHOS INFO] [600/852] gcc cross compiler obj/third_party/bounds_checking_function/src/libsec_static.strtok_s.o
[OHOS INFO] [601/852] gcc cross compiler obj/third_party/bounds_checking_function/src/libsec_static.swprintf_s.o
[OHOS INFO] [602/852] gcc cross compiler obj/third_party/bounds_checking_function/src/libsec_static.strncpy_s.o
[OHOS INFO] [603/852] gcc cross compiler obj/third_party/bounds_checking_function/src/libsec_static.swscanf_s.o
[OHOS INFO] [604/852] gcc cross compiler obj/third_party/bounds_checking_function/src/libsec_static.vfscanf_s.o
[OHOS INFO] [605/852] gcc cross compiler obj/third_party/bounds_checking_function/src/libsec_static.vscanf_s.o
[OHOS INFO] [606/852] gcc cross compiler obj/third_party/bounds_checking_function/src/libsec_static.vsprintf_s.o
[OHOS INFO] [607/852] STAMP obj/third_party/bounds_checking_function/sec_shared.stamp
[OHOS INFO] [608/852] gcc cross compiler obj/third_party/bounds_checking_function/src/libsec_static.vfwscanf_s.o
[OHOS INFO] [609/852] STAMP obj/third_party/mbedtls/mbedtls_shared.stamp
[OHOS INFO] [610/852] STAMP obj/third_party/bounds_checking_function/libsec_ndk.stamp
[OHOS INFO] [611/852] ACTION //test/xts/acts/build_lite:acts(//build/lite/toolchain:arm-none-eabi-gcc)
[OHOS INFO] [612/852] STAMP obj/test/xts/acts/build_lite/acts.stamp
[OHOS INFO] [613/852] gcc cross compiler obj/third_party/bounds_checking_function/src/libsec_static.vsscanf_s.o
[OHOS INFO] [614/852] gcc cross compiler obj/third_party/bounds_checking_function/src/libsec_static.vsnprintf_s.o
[OHOS INFO] [615/852] gcc cross compiler obj/third_party/mbedtls/library/libmbedtls.aesni.o
[OHOS INFO] [616/852] gcc cross compiler obj/third_party/mbedtls/library/libmbedtls.arc4.o
[OHOS INFO] [617/852] gcc cross compiler obj/third_party/musl/porting/liteos_m/kernel/src/network/libmusl-c.ntohl.o
[OHOS INFO] [618/852] gcc cross compiler obj/third_party/musl/porting/liteos_m/kernel/src/network/libmusl-c.ntohs.o
[OHOS INFO] [619/852] gcc cross compiler obj/third_party/musl/porting/liteos_m/kernel/src/network/libmusl-c.inet_ntoa.o
[OHOS INFO] [620/852] gcc cross compiler obj/third_party/mbedtls/library/libmbedtls.aes.o
[OHOS INFO] [621/852] AR libs/libsec_static.a
[OHOS INFO] [622/852] gcc cross compiler obj/third_party/musl/porting/liteos_m/kernel/src/ctype/libmusl-c.isascii.o
[OHOS INFO] [623/852] gcc cross compiler obj/third_party/musl/porting/liteos_m/kernel/src/ctype/libmusl-c.isxdigit.o
[OHOS INFO] [624/852] gcc cross compiler obj/third_party/musl/porting/liteos_m/kernel/src/ctype/libmusl-c.isupper.o
[OHOS INFO] [625/852] gcc cross compiler obj/third_party/musl/porting/liteos_m/kernel/src/ctype/libmusl-c.isspace.o
[OHOS INFO] [626/852] gcc cross compiler obj/third_party/musl/porting/liteos_m/kernel/src/exit/libmusl-c.assert.o
[OHOS INFO] [627/852] gcc cross compiler obj/third_party/musl/porting/liteos_m/kernel/src/exit/libmusl-c.abort.o
[OHOS INFO] [628/852] gcc cross compiler obj/third_party/musl/porting/liteos_m/kernel/src/ctype/libmusl-c.isdigit.o
[OHOS INFO] [629/852] gcc cross compiler obj/third_party/musl/porting/liteos_m/kernel/src/ctype/libmusl-c.isalnum.o
[OHOS INFO] [630/852] gcc cross compiler obj/third_party/musl/porting/liteos_m/kernel/src/ctype/libmusl-c.tolower.o
[OHOS INFO] [631/852] gcc cross compiler obj/third_party/musl/porting/liteos_m/kernel/src/ctype/libmusl-c.islower.o
[OHOS INFO] [632/852] gcc cross compiler obj/third_party/musl/porting/liteos_m/kernel/src/ctype/libmusl-c.isprint.o
[OHOS INFO] [633/852] gcc cross compiler obj/third_party/musl/porting/liteos_m/kernel/src/ctype/libmusl-c.__ctype_get_mb_cur_max.o
[OHOS INFO] [634/852] gcc cross compiler obj/third_party/musl/porting/liteos_m/kernel/src/misc/libmusl-c.dirname.o
[OHOS INFO] [635/852] gcc cross compiler obj/third_party/mbedtls/library/libmbedtls.des.o
[OHOS INFO] [636/852] gcc cross compiler obj/third_party/musl/porting/liteos_m/kernel/src/ctype/libmusl-c.toupper.o
[OHOS INFO] [637/852] gcc cross compiler obj/third_party/mbedtls/library/libmbedtls.dhm.o
[OHOS INFO] [638/852] gcc cross compiler obj/third_party/mbedtls/library/libmbedtls.ecdsa.o
[OHOS INFO] [639/852] gcc cross compiler obj/third_party/mbedtls/library/libmbedtls.entropy_poll.o
[OHOS INFO] [640/852] gcc cross compiler obj/third_party/mbedtls/library/libmbedtls.ecdh.o
[OHOS INFO] [641/852] gcc cross compiler obj/third_party/mbedtls/library/libmbedtls.ecjpake.o
[OHOS INFO] [642/852] gcc cross compiler obj/third_party/mbedtls/library/libmbedtls.entropy.o
[OHOS INFO] [643/852] gcc cross compiler obj/third_party/mbedtls/library/libmbedtls.error.o
[OHOS INFO] [644/852] gcc cross compiler obj/third_party/mbedtls/library/libmbedtls.ecp_curves.o
[OHOS INFO] [645/852] gcc cross compiler obj/third_party/mbedtls/library/libmbedtls.hmac_drbg.o
[OHOS INFO] [646/852] gcc cross compiler obj/third_party/mbedtls/library/libmbedtls.havege.o
[OHOS INFO] [647/852] gcc cross compiler obj/third_party/mbedtls/library/libmbedtls.md2.o
[OHOS INFO] [648/852] gcc cross compiler obj/third_party/mbedtls/library/libmbedtls.hkdf.o
[OHOS INFO] [649/852] gcc cross compiler obj/third_party/mbedtls/library/libmbedtls.md4.o
[OHOS INFO] [650/852] gcc cross compiler obj/third_party/mbedtls/library/libmbedtls.memory_buffer_alloc.o
[OHOS INFO] [651/852] gcc cross compiler obj/third_party/mbedtls/library/libmbedtls.md.o
[OHOS INFO] [652/852] gcc cross compiler obj/third_party/mbedtls/library/libmbedtls.nist_kw.o
[OHOS INFO] [653/852] gcc cross compiler obj/third_party/mbedtls/library/libmbedtls.gcm.o
[OHOS INFO] [654/852] gcc cross compiler obj/third_party/mbedtls/library/libmbedtls.md5.o
[OHOS INFO] [655/852] gcc cross compiler obj/third_party/mbedtls/library/libmbedtls.md_wrap.o
[OHOS INFO] [656/852] gcc cross compiler obj/third_party/mbedtls/library/libmbedtls.net_sockets.o
[OHOS INFO] [657/852] gcc cross compiler obj/third_party/mbedtls/library/libmbedtls.padlock.o
[OHOS INFO] [658/852] gcc cross compiler obj/third_party/mbedtls/library/libmbedtls.pem.o
[OHOS INFO] [659/852] gcc cross compiler obj/third_party/mbedtls/library/libmbedtls.ecp.o
[OHOS INFO] [660/852] gcc cross compiler obj/third_party/mbedtls/library/libmbedtls.oid.o
[OHOS INFO] [661/852] gcc cross compiler obj/third_party/mbedtls/library/libmbedtls.pkcs5.o
[OHOS INFO] [662/852] gcc cross compiler obj/third_party/mbedtls/library/libmbedtls.pkcs12.o
[OHOS INFO] [663/852] gcc cross compiler obj/third_party/mbedtls/library/libmbedtls.platform.o
[OHOS INFO] [664/852] gcc cross compiler obj/third_party/mbedtls/library/libmbedtls.pk.o
[OHOS INFO] [665/852] gcc cross compiler obj/third_party/mbedtls/library/libmbedtls.pk_wrap.o
[OHOS INFO] [666/852] gcc cross compiler obj/third_party/mbedtls/library/libmbedtls.platform_util.o
[OHOS INFO] [667/852] gcc cross compiler obj/third_party/mbedtls/library/libmbedtls.rsa_internal.o
[OHOS INFO] [668/852] gcc cross compiler obj/third_party/mbedtls/library/libmbedtls.poly1305.o
[OHOS INFO] [669/852] gcc cross compiler obj/third_party/mbedtls/library/libmbedtls.ripemd160.o
[OHOS INFO] [670/852] gcc cross compiler obj/third_party/mbedtls/library/libmbedtls.sha256.o
[OHOS INFO] [671/852] gcc cross compiler obj/third_party/mbedtls/library/libmbedtls.pkwrite.o
[OHOS INFO] [672/852] gcc cross compiler obj/third_party/mbedtls/library/libmbedtls.pkparse.o
[OHOS INFO] [673/852] gcc cross compiler obj/third_party/mbedtls/library/libmbedtls.rsa.o
[OHOS INFO] [674/852] gcc cross compiler obj/third_party/mbedtls/library/libmbedtls.ssl_ciphersuites.o
[OHOS INFO] [675/852] gcc cross compiler obj/third_party/mbedtls/library/libmbedtls.threading.o
[OHOS INFO] [676/852] gcc cross compiler obj/third_party/mbedtls/library/libmbedtls.sha512.o
[OHOS INFO] [677/852] gcc cross compiler obj/third_party/mbedtls/library/libmbedtls.version_features.o
[OHOS INFO] [678/852] gcc cross compiler obj/third_party/mbedtls/library/libmbedtls.version.o
[OHOS INFO] [679/852] gcc cross compiler obj/third_party/mbedtls/library/libmbedtls.sha1.o
[OHOS INFO] [680/852] gcc cross compiler obj/third_party/mbedtls/library/libmbedtls.x509.o
[OHOS INFO] [681/852] gcc cross compiler obj/third_party/mbedtls/library/libmbedtls.timing.o
[OHOS INFO] [682/852] gcc cross compiler obj/third_party/mbedtls/library/libmbedtls.ssl_cli.o
[OHOS INFO] [683/852] gcc cross compiler obj/third_party/mbedtls/library/libmbedtls.xtea.o
[OHOS INFO] [684/852] gcc cross compiler obj/third_party/mbedtls/library/libmbedtls.x509_crl.o
[OHOS INFO] [685/852] gcc cross compiler obj/third_party/musl/porting/liteos_m/kernel/src/unistd/libmusl-c.getuid.o
[OHOS INFO] [686/852] gcc cross compiler obj/third_party/musl/porting/liteos_m/kernel/src/network/libmusl-c.h_errno.o
[OHOS INFO] [687/852] gcc cross compiler obj/third_party/musl/porting/liteos_m/kernel/src/network/libmusl-c.htonl.o
[OHOS INFO] [688/852] gcc cross compiler obj/third_party/musl/porting/liteos_m/kernel/src/network/libmusl-c.htons.o
[OHOS INFO] [689/852] gcc cross compiler obj/third_party/mbedtls/library/libmbedtls.x509_crt.o
[OHOS INFO] [690/852] gcc cross compiler obj/third_party/musl/porting/liteos_m/kernel/src/internal/libmusl-c.inet_addr.o
[OHOS INFO] [691/852] gcc cross compiler obj/third_party/musl/porting/liteos_m/kernel/src/internal/libmusl-c.inet_aton.o
[OHOS INFO] [692/852] gcc cross compiler obj/third_party/musl/porting/liteos_m/kernel/src/internal/libmusl-c.shgetc.o
[OHOS INFO] [693/852] gcc cross compiler obj/third_party/musl/porting/liteos_m/kernel/src/internal/libmusl-c.syscall_ret.o
[OHOS INFO] [694/852] gcc cross compiler obj/third_party/musl/porting/liteos_m/kernel/src/stdlib/libmusl-c.atoi.o
[OHOS INFO] [695/852] gcc cross compiler obj/third_party/musl/porting/liteos_m/kernel/src/stdlib/libmusl-c.atol.o
[OHOS INFO] [696/852] gcc cross compiler obj/third_party/musl/porting/liteos_m/kernel/src/stdlib/libmusl-c.abs.o
[OHOS INFO] [697/852] gcc cross compiler obj/third_party/musl/porting/liteos_m/kernel/src/stdlib/libmusl-c.atoll.o
[OHOS INFO] [698/852] gcc cross compiler obj/utils/native/lite/os_dump/libdump_static.dump_syspara.o
[OHOS INFO] [699/852] STAMP obj/vendor/lockzhiner/rk2206/rk2206.stamp
[OHOS INFO] [700/852] gcc cross compiler obj/third_party/musl/porting/liteos_m/kernel/src/internal/libmusl-c.intscan.o
[OHOS INFO] [701/852] gcc cross compiler obj/utils/native/lite/kv_store/src/kvstore_impl_hal/libutils_kv_store.kv_store.o
[OHOS INFO] [702/852] STAMP obj/build/lite/product.stamp
[OHOS INFO] [703/852] gcc cross compiler obj/third_party/mbedtls/library/libmbedtls.ssl_tls.o
[OHOS INFO] [704/852] gcc cross compiler obj/utils/native/lite/file/src/file_impl_hal/libnative_file.file.o
[OHOS INFO] [705/852] gcc cross compiler obj/third_party/paho_mqtt/MQTTPacket/samples/libpahomqtt_static.transport.o
[OHOS INFO] [706/852] gcc cross compiler obj/utils/native/lite/kv_store/src/kvstore_common/libutils_kv_store.kvstore_common.o
[OHOS INFO] [707/852] AR libs/libnative_file.a
[OHOS INFO] [708/852] AR libs/libutils_kv_store.a
[OHOS INFO] [709/852] STAMP obj/utils/native/lite/file/file.stamp
[OHOS INFO] [710/852] STAMP obj/utils/native/lite/kv_store/kv_store.stamp
[OHOS INFO] [711/852] AR libs/libmbedtls.a
[OHOS INFO] [712/852] AR libs/libhuks_3.0_sdk.a
[OHOS INFO] [713/852] gcc cross compiler obj/third_party/musl/porting/liteos_m/kernel/src/stdio/libmusl-c.fputs.o
[OHOS INFO] [714/852] gcc cross compiler obj/third_party/musl/porting/liteos_m/kernel/src/locale/libmusl-c.c_locale.o
[OHOS INFO] [715/852] gcc cross compiler obj/third_party/musl/porting/liteos_m/kernel/src/stdio/libmusl-c.__stdio_close.o
[OHOS INFO] [716/852] STAMP obj/base/security/huks/frameworks/huks_lite/huks_sdk.stamp
[OHOS INFO] [717/852] gcc cross compiler obj/third_party/musl/porting/liteos_m/kernel/src/locale/libmusl-c.__lctrans.o
[OHOS INFO] [718/852] AR libs/libhichainsdk.a
[OHOS INFO] [719/852] STAMP obj/third_party/mbedtls/mbedtls.stamp
[OHOS INFO] [720/852] gcc cross compiler obj/third_party/musl/porting/liteos_m/kernel/src/locale/libmusl-c.langinfo.o
[OHOS INFO] [721/852] STAMP obj/base/security/deviceauth/frameworks/deviceauth_lite/hichainsdk.stamp
[OHOS INFO] [722/852] STAMP obj/third_party/mbedtls/mbedtls_ndk.stamp
[OHOS INFO] [723/852] gcc cross compiler obj/third_party/musl/porting/liteos_m/kernel/src/stdio/libmusl-c.fflush.o
[OHOS INFO] [724/852] gcc cross compiler obj/third_party/musl/porting/liteos_m/kernel/src/stdio/libmusl-c.__stdio_seek.o
[OHOS INFO] [725/852] gcc cross compiler obj/third_party/musl/porting/liteos_m/kernel/src/stdio/libmusl-c.__toread.o
[OHOS INFO] [726/852] gcc cross compiler obj/third_party/musl/porting/liteos_m/kernel/src/stdio/libmusl-c.ofl_add.o
[OHOS INFO] [727/852] gcc cross compiler obj/third_party/musl/porting/liteos_m/kernel/src/stdio/libmusl-c.__uflow.o
[OHOS INFO] [728/852] gcc cross compiler obj/third_party/musl/porting/liteos_m/kernel/src/stdio/libmusl-c.__stdio_read.o
[OHOS INFO] [729/852] gcc cross compiler obj/third_party/musl/porting/liteos_m/kernel/src/stdio/libmusl-c.fwrite.o
[OHOS INFO] [730/852] gcc cross compiler obj/third_party/musl/porting/liteos_m/kernel/src/stdio/libmusl-c.ftell.o
[OHOS INFO] [731/852] gcc cross compiler obj/third_party/musl/porting/liteos_m/kernel/src/stdio/libmusl-c.stderr.o
[OHOS INFO] [732/852] gcc cross compiler obj/third_party/musl/porting/liteos_m/kernel/src/stdio/libmusl-c.fread.o
[OHOS INFO] [733/852] gcc cross compiler obj/third_party/musl/porting/liteos_m/kernel/src/stdio/libmusl-c.fclose.o
[OHOS INFO] [734/852] gcc cross compiler obj/third_party/musl/porting/liteos_m/kernel/src/stdio/libmusl-c.fileno.o
[OHOS INFO] [735/852] gcc cross compiler obj/third_party/musl/porting/liteos_m/kernel/src/stdio/libmusl-c.perror.o
[OHOS INFO] [736/852] gcc cross compiler obj/third_party/musl/porting/liteos_m/kernel/src/stdio/libmusl-c.__lockfile.o
[OHOS INFO] [737/852] gcc cross compiler obj/third_party/musl/porting/liteos_m/kernel/src/stdio/libmusl-c.clearerr.o
[OHOS INFO] [738/852] gcc cross compiler obj/third_party/musl/porting/liteos_m/kernel/src/stdio/libmusl-c.__fmodeflags.o
[OHOS INFO] [739/852] gcc cross compiler obj/third_party/musl/porting/liteos_m/kernel/src/stdio/libmusl-c.fgets.o
[OHOS INFO] [740/852] gcc cross compiler obj/third_party/musl/porting/liteos_m/kernel/src/stdio/libmusl-c.__stdio_write.o
[OHOS INFO] [741/852] gcc cross compiler obj/third_party/musl/porting/liteos_m/kernel/src/stdio/libmusl-c.ofl.o
[OHOS INFO] [742/852] gcc cross compiler obj/third_party/musl/porting/liteos_m/kernel/src/stdio/libmusl-c.__fdopen.o
[OHOS INFO] [743/852] gcc cross compiler obj/third_party/musl/porting/liteos_m/kernel/src/stdio/libmusl-c.fseek.o
[OHOS INFO] [744/852] ACTION //vendor/lockzhiner/rk2206/hdf_config:hc_gen(//build/lite/toolchain:arm-none-eabi-gcc)
[OHOS INFO] [745/852] gcc cross compiler obj/third_party/musl/porting/liteos_m/kernel/src/stdio/libmusl-c.__stdout_write.o
[OHOS INFO] [746/852] gcc cross compiler obj/third_party/musl/porting/liteos_m/kernel/src/stdio/libmusl-c.rewind.o
[OHOS INFO] [747/852] gcc cross compiler obj/third_party/musl/porting/liteos_m/kernel/src/stdio/libmusl-c.feof.o
[OHOS INFO] [748/852] gcc cross compiler obj/third_party/musl/porting/liteos_m/kernel/src/stdio/libmusl-c.__towrite.o
[OHOS INFO] [749/852] gcc cross compiler obj/third_party/musl/porting/liteos_m/kernel/src/stdio/libmusl-c.stdout.o
[OHOS INFO] [750/852] gcc cross compiler obj/third_party/musl/porting/liteos_m/kernel/src/stdio/libmusl-c.stdin.o
[OHOS INFO] [751/852] gcc cross compiler obj/third_party/musl/porting/liteos_m/kernel/src/stdio/libmusl-c.fopen.o
[OHOS INFO] [752/852] gcc cross compiler obj/third_party/musl/porting/liteos_m/kernel/src/time/libmusl-c.__year_to_secs.o
[OHOS INFO] [753/852] gcc cross compiler obj/third_party/musl/porting/liteos_m/kernel/src/time/libmusl-c.strptime.o
[OHOS INFO] [754/852] gcc cross compiler obj/third_party/musl/porting/liteos_m/kernel/src/time/libmusl-c.__month_to_secs.o
[OHOS INFO] [755/852] gcc cross compiler obj/third_party/musl/porting/liteos_m/kernel/src/time/libmusl-c.strftime.o
[OHOS INFO] [756/852] gcc cross compiler obj/third_party/musl/porting/liteos_m/kernel/src/time/libmusl-c.__tz.o
[OHOS INFO] [757/852] gcc cross compiler obj/third_party/musl/porting/liteos_m/kernel/src/time/libmusl-c.__tm_to_secs.o
[OHOS INFO] [758/852] gcc cross compiler obj/third_party/musl/porting/liteos_m/kernel/src/prng/libmusl-c.random.o
[OHOS INFO] [759/852] gcc cross compiler obj/third_party/musl/porting/liteos_m/kernel/src/regex/libmusl-c.tre-mem.o
[OHOS INFO] [760/852] gcc cross compiler obj/third_party/musl/porting/liteos_m/kernel/src/string/libmusl-c.strrchr.o
[OHOS INFO] [761/852] gcc cross compiler obj/third_party/musl/porting/liteos_m/kernel/src/regex/libmusl-c.regexec.o
[OHOS INFO] [762/852] gcc cross compiler obj/third_party/musl/porting/liteos_m/kernel/src/string/libmusl-c.strcspn.o
[OHOS INFO] [763/852] gcc cross compiler obj/third_party/musl/porting/liteos_m/kernel/src/string/libmusl-c.memcmp.o
[OHOS INFO] [764/852] gcc cross compiler obj/third_party/musl/porting/liteos_m/kernel/src/string/libmusl-c.strncmp.o
[OHOS INFO] [765/852] gcc cross compiler obj/third_party/musl/porting/liteos_m/kernel/src/string/libmusl-c.strchrnul.o
[OHOS INFO] [766/852] gcc cross compiler obj/third_party/musl/porting/liteos_m/kernel/src/string/libmusl-c.strchr.o
[OHOS INFO] [767/852] gcc cross compiler obj/third_party/musl/porting/liteos_m/kernel/src/string/libmusl-c.memcpy.o
[OHOS INFO] [768/852] gcc cross compiler obj/third_party/musl/porting/liteos_m/kernel/src/string/libmusl-c.strstr.o
[OHOS INFO] [769/852] gcc cross compiler obj/third_party/musl/porting/liteos_m/kernel/src/string/libmusl-c.strcasecmp.o
[OHOS INFO] [770/852] gcc cross compiler obj/third_party/musl/porting/liteos_m/kernel/src/string/libmusl-c.strcmp.o
[OHOS INFO] [771/852] gcc cross compiler obj/third_party/musl/porting/liteos_m/kernel/src/string/libmusl-c.strdup.o
[OHOS INFO] [772/852] gcc cross compiler obj/third_party/musl/porting/liteos_m/kernel/src/string/libmusl-c.strncasecmp.o
[OHOS INFO] [773/852] gcc cross compiler obj/third_party/musl/porting/liteos_m/kernel/src/string/libmusl-c.memrchr.o
[OHOS INFO] [774/852] gcc cross compiler obj/third_party/musl/porting/liteos_m/kernel/src/string/libmusl-c.wcslen.o
[OHOS INFO] [775/852] gcc cross compiler obj/third_party/musl/porting/liteos_m/kernel/src/string/libmusl-c.memchr.o
[OHOS INFO] [776/852] gcc cross compiler obj/third_party/musl/porting/liteos_m/kernel/src/string/libmusl-c.memset.o
[OHOS INFO] [777/852] gcc cross compiler obj/third_party/musl/porting/liteos_m/kernel/src/string/libmusl-c.strlen.o
[OHOS INFO] [778/852] gcc cross compiler obj/third_party/musl/porting/liteos_m/kernel/src/sched/libmusl-c.sched_yield.o
[OHOS INFO] [779/852] gcc cross compiler obj/third_party/musl/porting/liteos_m/kernel/src/string/libmusl-c.wcschr.o
[OHOS INFO] [780/852] gcc cross compiler obj/third_party/musl/porting/liteos_m/kernel/src/math/libmusl-m.pow_data.o
[OHOS INFO] [781/852] gcc cross compiler obj/third_party/musl/porting/liteos_m/kernel/src/regex/libmusl-c.regcomp.o
[OHOS INFO] [782/852] gcc cross compiler obj/third_party/musl/porting/liteos_m/kernel/src/mman/libmusl-c.munmap.o
[OHOS INFO] [783/852] gcc cross compiler obj/third_party/paho_mqtt/MQTTClient-C/src/liteOS/libpahomqtt_static.MQTTLiteOS.o
[OHOS INFO] [784/852] gcc cross compiler obj/third_party/musl/porting/liteos_m/kernel/src/math/libmusl-m.log_data.o
[OHOS INFO] [785/852] gcc cross compiler obj/third_party/musl/porting/liteos_m/kernel/src/mman/libmusl-c.mmap.o
[OHOS INFO] [786/852] gcc cross compiler obj/third_party/musl/porting/liteos_m/kernel/src/math/libmusl-m.sqrt.o
[OHOS INFO] [787/852] gcc cross compiler obj/third_party/paho_mqtt/MQTTClient-C/src/libpahomqtt_static.MQTTClient.o
[OHOS INFO] [788/852] gcc cross compiler obj/third_party/paho_mqtt/MQTTPacket/src/libpahomqtt_static.MQTTDeserializePublish.o
[OHOS INFO] [789/852] gcc cross compiler obj/third_party/paho_mqtt/MQTTPacket/src/libpahomqtt_static.MQTTConnectServer.o
[OHOS INFO] [790/852] gcc cross compiler obj/third_party/paho_mqtt/MQTTPacket/src/libpahomqtt_static.MQTTSerializePublish.o
[OHOS INFO] [791/852] gcc cross compiler obj/third_party/paho_mqtt/MQTTPacket/src/libpahomqtt_static.MQTTConnectClient.o
[OHOS INFO] [792/852] gcc cross compiler obj/third_party/paho_mqtt/MQTTPacket/src/libpahomqtt_static.MQTTFormat.o
[OHOS INFO] [793/852] gcc cross compiler obj/third_party/musl/porting/liteos_m/kernel/src/math/libmusl-m.log.o
[OHOS INFO] [794/852] gcc cross compiler obj/third_party/paho_mqtt/MQTTPacket/src/libpahomqtt_static.MQTTSubscribeServer.o
[OHOS INFO] [795/852] gcc cross compiler obj/third_party/paho_mqtt/MQTTPacket/src/libpahomqtt_static.MQTTPacket.o
[OHOS INFO] [796/852] gcc cross compiler obj/third_party/paho_mqtt/MQTTPacket/src/libpahomqtt_static.MQTTSubscribeClient.o
[OHOS INFO] [797/852] gcc cross compiler obj/third_party/paho_mqtt/MQTTPacket/src/libpahomqtt_static.MQTTUnsubscribeServer.o
[OHOS INFO] [798/852] AR libs/libmusl-c.a
[OHOS INFO] [799/852] gcc cross compiler obj/third_party/musl/porting/liteos_m/kernel/src/math/libmusl-m.pow.o
[OHOS INFO] [800/852] STAMP obj/vendor/lockzhiner/rk2206/hdf_config/hc_gen.stamp
[OHOS INFO] [801/852] gcc cross compiler obj/third_party/paho_mqtt/MQTTPacket/src/libpahomqtt_static.MQTTUnsubscribeClient.o
[OHOS INFO] [802/852] gcc cross compiler obj/third_party/musl/porting/liteos_m/kernel/src/math/libmusl-m.exp_data.o
[OHOS INFO] [803/852] gcc cross compiler obj/third_party/musl/porting/liteos_m/kernel/src/math/libmusl-m.round.o
[OHOS INFO] [804/852] gcc cross compiler obj/vendor/lockzhiner/rk2206/hals/utils/sys_param/libhal_sysparam.hal_sys_param.o
[OHOS INFO] [805/852] gcc cross compiler obj/vendor/lockzhiner/rk2206/hals/utils/token/libhal_token_static.hal_token.o
[OHOS INFO] [806/852] gcc cross compiler obj/out/rk2206/lockzhiner-rk2206/gen/vendor/lockzhiner/rk2206/hdf_config/libhdf_config.hdf_hex.o
[OHOS INFO] [807/852] AR libs/libpahomqtt_static.a
[OHOS INFO] [808/852] AR libs/libmusl-m.a
[OHOS INFO] [809/852] AR libs/libhal_sysparam.a
[OHOS INFO] [810/852] AR libs/libhal_token_static.a
[OHOS INFO] [811/852] ACTION //vendor/lockzhiner/rk2206/hdf_drivers:khdf_platform_gn(//build/lite/toolchain:arm-none-eabi-gcc)
[OHOS INFO] [812/852] AR libs/libhdf_config.a
[OHOS INFO] [813/852] STAMP obj/third_party/musl/porting/liteos_m/kernel/kernel.stamp
[OHOS INFO] [814/852] AR libs/libsysparam.a
[OHOS INFO] [815/852] AR libs/libtoken_static.a
[OHOS INFO] [816/852] STAMP obj/vendor/lockzhiner/rk2206/hdf_drivers/khdf_platform_gn.stamp
[OHOS INFO] [817/852] AR libs/libposix.a
[OHOS INFO] [818/852] AR libs/libhota.a
[OHOS INFO] [819/852] STAMP obj/base/startup/syspara_lite/frameworks/parameter/parameter.stamp
[OHOS INFO] [820/852] STAMP obj/base/startup/syspara_lite/frameworks/parameter/parameter_notes.stamp
[OHOS INFO] [821/852] STAMP obj/base/startup/syspara_lite/frameworks/token/token.stamp
[OHOS INFO] [822/852] AR libs/libfs_operations.a
[OHOS INFO] [823/852] AR libs/liblzlittlefs.a
[OHOS INFO] [824/852] AR libs/libfatfs.a
[OHOS INFO] [825/852] AR libs/liblittlefs.a
[OHOS INFO] [826/852] AR libs/libshell.a
[OHOS INFO] [827/852] STAMP obj/kernel/liteos_m/kal/kal.stamp
[OHOS INFO] [828/852] AR libs/liblwip.a
[OHOS INFO] [829/852] STAMP obj/kernel/liteos_m/components/fs/fs.stamp
[OHOS INFO] [830/852] AR libs/libdump_static.a
[OHOS INFO] [831/852] STAMP obj/kernel/liteos_m/kernel.stamp
[OHOS INFO] [832/852] STAMP obj/utils/native/lite/os_dump/utils_os_dump.stamp
[OHOS INFO] [833/852] gcc cross compiler obj/vendor/lockzhiner/rk2206/hdf_drivers/gpio/libgpio_driver.gpio_driver_rk2206.o
[OHOS INFO] [834/852] AR libs/libgpio_driver.a
[OHOS INFO] [835/852] gcc cross compiler obj/vendor/lockzhiner/rk2206/hdf_drivers/i2c/libi2c_driver.i2c_driver_rk2206.o
[OHOS INFO] [836/852] gcc cross compiler obj/vendor/lockzhiner/rk2206/hdf_drivers/adc/libadc_driver.adc_driver.o
[OHOS INFO] [837/852] AR libs/libadc_driver.a
[OHOS INFO] [838/852] AR libs/libi2c_driver.a
[OHOS INFO] [839/852] gcc cross compiler obj/vendor/lockzhiner/rk2206/samples/lab01_lcd/liblab01_lcd.lab01_lcd.o
[OHOS INFO] [840/852] gcc cross compiler obj/vendor/lockzhiner/rk2206/hdf_drivers/pwm/libpwm_driver.pwm_driver.o
[OHOS INFO] [841/852] gcc cross compiler obj/vendor/lockzhiner/rk2206/hdf_drivers/spi/libspi_driver.spi_driver.o
[OHOS INFO] [842/852] AR libs/libpwm_driver.a
[OHOS INFO] [843/852] AR libs/libspi_driver.a
[OHOS INFO] [844/852] STAMP obj/vendor/lockzhiner/rk2206/hdf_drivers/hdf_drivers.stamp
[OHOS INFO] [845/852] gcc cross compiler obj/vendor/lockzhiner/rk2206/samples/lab01_lcd/src/liblab01_lcd.lcd.o
[OHOS INFO] [846/852] AR libs/liblab01_lcd.a
[OHOS INFO] [847/852] STAMP obj/vendor/lockzhiner/rk2206/samples/app.stamp
[OHOS INFO] [848/852] STAMP obj/device/rockchip/rk2206/sdk_liteos/sdk.stamp
[OHOS INFO] [849/852] STAMP obj/device/rockchip/rk2206/sdk_liteos/wifiiot_sdk.stamp
[OHOS INFO] [850/852] STAMP obj/build/lite/ohos.stamp
[OHOS INFO] [851/852] ACTION //device/rockchip/rk2206/sdk_liteos:liteos(//build/lite/toolchain:arm-none-eabi-gcc)
[OHOS INFO] [852/852] STAMP obj/device/rockchip/rk2206/sdk_liteos/liteos.stamp
[OHOS INFO] /home/lzdz/rk2206/lab02-lab01-lcd-20260831/vendor/lockzhiner/rk2206/fs.yml not found, stop packing fs. If the product does not need to be packaged, ignore it.
[OHOS INFO] lockzhiner-rk2206 build success
[OHOS INFO] cost time: 0:00:28
