[OHOS INFO] [1/1] Regenerating ninja files
[OHOS INFO] [1/43] ACTION //test/xts/acts/iot_hardware_lite/iot_controller_hal:ActsWifiIotTest(//build/lite/toolchain:arm-none-eabi-gcc)
[OHOS INFO] [2/42] ACTION //test/xts/acts/communication_lite/lwip_hal:ActsLwipTest(//build/lite/toolchain:arm-none-eabi-gcc)
[OHOS INFO] [3/41] ACTION //test/xts/acts/hiviewdfx_lite/hievent_hal:ActsHieventLiteTest(//build/lite/toolchain:arm-none-eabi-gcc)
[OHOS INFO] [4/40] ACTION //device/rockchip/rk2206/third_party/lwip:rk2206_lwip(//build/lite/toolchain:arm-none-eabi-gcc)
[OHOS INFO] [5/39] ACTION //test/xts/acts/distributed_schedule_lite/system_ability_manager_hal:ActsSamgrTest(//build/lite/toolchain:arm-none-eabi-gcc)
[OHOS INFO] [6/38] ACTION //test/xts/acts/communication_lite/wifiservice_hal:ActsWifiServiceTest(//build/lite/toolchain:arm-none-eabi-gcc)
[OHOS INFO] [7/37] ACTION //test/xts/acts/hiviewdfx_lite/hilog_hal:ActsDfxFuncTest(//build/lite/toolchain:arm-none-eabi-gcc)
[OHOS INFO] [8/36] ACTION //test/xts/acts/startup_lite/bootstrap_hal:ActsBootstrapTest(//build/lite/toolchain:arm-none-eabi-gcc)
[OHOS INFO] [9/35] ACTION //test/xts/acts/security_lite/huks/liteos_m_adapter:ActsHuksHalFunctionTest(//build/lite/toolchain:arm-none-eabi-gcc)
[OHOS INFO] [10/33] ACTION //test/xts/acts/startup_lite/syspara_hal:ActsParameterTest(//build/lite/toolchain:arm-none-eabi-gcc)
[OHOS INFO] [11/32] ACTION //test/xts/acts/update_lite/dupdate_hal:ActsUpdaterFuncTest(//build/lite/toolchain:arm-none-eabi-gcc)
[OHOS INFO] [12/31] ACTION //test/xts/acts/utils_lite/file_hal:ActsUtilsFileTest(//build/lite/toolchain:arm-none-eabi-gcc)
[OHOS INFO] [13/30] ACTION //test/xts/acts/utils_lite/kv_store_hal:ActsKvStoreTest(//build/lite/toolchain:arm-none-eabi-gcc)
[OHOS INFO] [14/24] ACTION //vendor/lockzhiner/rk2206/hdf_drivers:khdf_platform_gn(//build/lite/toolchain:arm-none-eabi-gcc)
[OHOS INFO] [15/22] gcc cross compiler obj/vendor/lockzhiner/rk2206/samples/lab01_lcd/src/liblab01_lcd.lcd.o
[OHOS INFO] [16/22] AR libs/liblab01_lcd.a
[OHOS INFO] [17/22] STAMP obj/vendor/lockzhiner/rk2206/samples/app.stamp
[OHOS INFO] [18/22] STAMP obj/device/rockchip/rk2206/sdk_liteos/sdk.stamp
[OHOS INFO] [19/22] STAMP obj/device/rockchip/rk2206/sdk_liteos/wifiiot_sdk.stamp
[OHOS INFO] [20/22] STAMP obj/build/lite/ohos.stamp
[OHOS INFO] [21/22] ACTION //device/rockchip/rk2206/sdk_liteos:liteos(//build/lite/toolchain:arm-none-eabi-gcc)
[OHOS INFO] /home/lzdz/rk2206/lab02-lab01-lcd-20260831/vendor/lockzhiner/rk2206/fs.yml not found, stop packing fs. If the product does not need to be packaged, ignore it.
[OHOS INFO] lockzhiner-rk2206 build success
[OHOS INFO] cost time: 0:00:14
